Archive member included because of file (symbol)

.\ARM_GCC_473\Debug\USB_UART01.a(cyfitter_cfg.o)
                              .\ARM_GCC_473\Debug\Cm3Start.o (cyfitter_cfg)
.\ARM_GCC_473\Debug\USB_UART01.a(USBUART_1.o)
                              .\ARM_GCC_473\Debug\main.o (USBUART_1_Start)
.\ARM_GCC_473\Debug\USB_UART01.a(USBUART_1_cdc.o)
                              .\ARM_GCC_473\Debug\main.o (USBUART_1_CDC_Init)
.\ARM_GCC_473\Debug\USB_UART01.a(USBUART_1_drv.o)
                              .\ARM_GCC_473\Debug\USB_UART01.a(USBUART_1.o) (USBUART_1_EP)
.\ARM_GCC_473\Debug\USB_UART01.a(USBUART_1_episr.o)
                              .\ARM_GCC_473\Debug\USB_UART01.a(USBUART_1.o) (USBUART_1_EP_1_ISR)
.\ARM_GCC_473\Debug\USB_UART01.a(USBUART_1_hid.o)
                              .\ARM_GCC_473\Debug\USB_UART01.a(USBUART_1.o) (USBUART_1_hidProtocol)
.\ARM_GCC_473\Debug\USB_UART01.a(USBUART_1_std.o)
                              .\ARM_GCC_473\Debug\USB_UART01.a(USBUART_1_drv.o) (USBUART_1_HandleStandardRqst)
.\ARM_GCC_473\Debug\USB_UART01.a(USBUART_1_vnd.o)
                              .\ARM_GCC_473\Debug\USB_UART01.a(USBUART_1_drv.o) (USBUART_1_HandleVendorRqst)
.\ARM_GCC_473\Debug\USB_UART01.a(LCD.o)
                              .\ARM_GCC_473\Debug\main.o (LCD_Start)
.\ARM_GCC_473\Debug\USB_UART01.a(CyBootAsmGnu.o)
                              .\ARM_GCC_473\Debug\USB_UART01.a(cyfitter_cfg.o) (CyDelayCycles)
.\ARM_GCC_473\Debug\USB_UART01.a(CyLib.o)
                              .\ARM_GCC_473\Debug\Cm3Start.o (CyResetStatus)
.\ARM_GCC_473\Debug\USB_UART01.a(cyPm.o)
                              .\ARM_GCC_473\Debug\USB_UART01.a(CyLib.o) (CyPmReadStatus)
.\ARM_GCC_473\Debug\USB_UART01.a(laser_state.o)
                              .\ARM_GCC_473\Debug\main.o (laser_state_Write)
.\ARM_GCC_473\Debug\USB_UART01.a(VDAC8_x.o)
                              .\ARM_GCC_473\Debug\main.o (VDAC8_x_Start)
.\ARM_GCC_473\Debug\USB_UART01.a(Opamp_y.o)
                              .\ARM_GCC_473\Debug\main.o (Opamp_y_Start)
.\ARM_GCC_473\Debug\USB_UART01.a(Opamp_x.o)
                              .\ARM_GCC_473\Debug\main.o (Opamp_x_Start)
.\ARM_GCC_473\Debug\USB_UART01.a(VDAC8_y.o)
                              .\ARM_GCC_473\Debug\main.o (VDAC8_y_Start)
.\ARM_GCC_473\Debug\USB_UART01.a(Poll_Interrupt.o)
                              .\ARM_GCC_473\Debug\main.o (Poll_Interrupt_StartEx)
.\ARM_GCC_473\Debug\USB_UART01.a(Poll_Timer.o)
                              .\ARM_GCC_473\Debug\main.o (Poll_Timer_Start)
.\ARM_GCC_473\Debug\USB_UART01.a(Fire_Timer.o)
                              .\ARM_GCC_473\Debug\main.o (Fire_Timer_Start)
.\ARM_GCC_473\Debug\USB_UART01.a(Fire_Interrupt.o)
                              .\ARM_GCC_473\Debug\main.o (Fire_Interrupt_StartEx)
.\ARM_GCC_473\Debug\USB_UART01.a(Mode_Interrupt.o)
                              .\ARM_GCC_473\Debug\main.o (Mode_Interrupt_StartEx)
.\ARM_GCC_473\Debug\USB_UART01.a(USBUART_1_cls.o)
                              .\ARM_GCC_473\Debug\USB_UART01.a(USBUART_1_drv.o) (USBUART_1_DispatchClassRqst)
.\ARM_GCC_473\Debug\USB_UART01.a(USBUART_1_descr.o)
                              .\ARM_GCC_473\Debug\USB_UART01.a(USBUART_1_std.o) (USBUART_1_DEVICE0_DESCR)
.\ARM_GCC_473\Debug\USB_UART01.a(CyFlash.o)
                              .\ARM_GCC_473\Debug\USB_UART01.a(cyPm.o) (CyFlash_SetWaitCycles)
.\ARM_GCC_473\Debug\USB_UART01.a(CySpc.o)
                              .\ARM_GCC_473\Debug\USB_UART01.a(CyFlash.o) (CySpcStart)
.\ARM_GCC_473\Debug\USB_UART01.a(cyutils.o)
                              .\ARM_GCC_473\Debug\USB_UART01.a(Poll_Timer.o) (CySetReg24)
c:/program files (x86)/cypress/psoc creator/3.0/psoc creator/import/gnu_cs/arm/4.7.3/bin/../lib/gcc/arm-none-eabi/4.7.3/armv7-m\libgcc.a(_arm_addsubdf3.o)
                              .\ARM_GCC_473\Debug\main.o (__aeabi_i2d)
c:/program files (x86)/cypress/psoc creator/3.0/psoc creator/import/gnu_cs/arm/4.7.3/bin/../lib/gcc/arm-none-eabi/4.7.3/armv7-m\libgcc.a(_arm_muldivdf3.o)
                              .\ARM_GCC_473\Debug\main.o (__aeabi_dmul)
c:/program files (x86)/cypress/psoc creator/3.0/psoc creator/import/gnu_cs/arm/4.7.3/bin/../lib/gcc/arm-none-eabi/4.7.3/armv7-m\libgcc.a(_arm_fixunsdfsi.o)
                              .\ARM_GCC_473\Debug\main.o (__aeabi_d2uiz)
c:/program files (x86)/cypress/psoc creator/3.0/psoc creator/import/gnu_cs/arm/4.7.3/bin/../lib/gcc/arm-none-eabi/4.7.3/../../../../arm-none-eabi/lib/armv7-m\libc_s.a(lib_a-__atexit2.o)
                              c:/program files (x86)/cypress/psoc creator/3.0/psoc creator/import/gnu_cs/arm/4.7.3/bin/../lib/gcc/arm-none-eabi/4.7.3/../../../../arm-none-eabi/lib/armv7-m/crt0.o (__register_exitproc)
c:/program files (x86)/cypress/psoc creator/3.0/psoc creator/import/gnu_cs/arm/4.7.3/bin/../lib/gcc/arm-none-eabi/4.7.3/../../../../arm-none-eabi/lib/armv7-m\libc_s.a(lib_a-exit.o)
[...]
Memory Configuration

Name             Origin             Length             Attributes
rom              0x00000000         0x00040000         xr
ram              0x1fff8000         0x00010000         xrw
*default*        0x00000000         0xffffffff

Linker script and memory map

LOAD c:/program files (x86)/cypress/psoc creator/3.0/psoc creator/import/gnu_cs/arm/4.7.3/bin/../lib/gcc/arm-none-eabi/4.7.3/armv7-m/crti.o
LOAD c:/program files (x86)/cypress/psoc creator/3.0/psoc creator/import/gnu_cs/arm/4.7.3/bin/../lib/gcc/arm-none-eabi/4.7.3/armv7-m/crtbegin.o
LOAD c:/program files (x86)/cypress/psoc creator/3.0/psoc creator/import/gnu_cs/arm/4.7.3/bin/../lib/gcc/arm-none-eabi/4.7.3/../../../../arm-none-eabi/lib/armv7-m/crt0.o
START GROUP
LOAD .\ARM_GCC_473\Debug\main.o
LOAD .\ARM_GCC_473\Debug\cymetadata.o
LOAD .\ARM_GCC_473\Debug\Cm3Start.o
LOAD .\ARM_GCC_473\Debug\USB_UART01.a
LOAD C:\Program Files (x86)\Cypress\PSoC Creator\3.0\PSoC Creator\psoc\content\cycomponentlibrary\CyComponentLibrary.cylib\CortexM3\ARM_GCC_473\Debug\CyComponentLibrary.a
END GROUP
START GROUP
LOAD c:/program files (x86)/cypress/psoc creator/3.0/psoc creator/import/gnu_cs/arm/4.7.3/bin/../lib/gcc/arm-none-eabi/4.7.3/armv7-m\libgcc.a
LOAD c:/program files (x86)/cypress/psoc creator/3.0/psoc creator/import/gnu_cs/arm/4.7.3/bin/../lib/gcc/arm-none-eabi/4.7.3/../../../../arm-none-eabi/lib/armv7-m\libc_s.a
END GROUP
LOAD c:/program files (x86)/cypress/psoc creator/3.0/psoc creator/import/gnu_cs/arm/4.7.3/bin/../lib/gcc/arm-none-eabi/4.7.3/armv7-m/crtend.o
LOAD c:/program files (x86)/cypress/psoc creator/3.0/psoc creator/import/gnu_cs/arm/4.7.3/bin/../lib/gcc/arm-none-eabi/4.7.3/armv7-m/crtn.o
START GROUP
LOAD c:/program files (x86)/cypress/psoc creator/3.0/psoc creator/import/gnu_cs/arm/4.7.3/bin/../lib/gcc/arm-none-eabi/4.7.3/armv7-m\libgcc.a
LOAD c:/program files (x86)/cypress/psoc creator/3.0/psoc creator/import/gnu_cs/arm/4.7.3/bin/../lib/gcc/arm-none-eabi/4.7.3/../../../../arm-none-eabi/lib/armv7-m\libc.a
LOAD c:/program files (x86)/cypress/psoc creator/3.0/psoc creator/import/gnu_cs/arm/4.7.3/bin/../lib/gcc/arm-none-eabi/4.7.3/../../../../arm-none-eabi/lib/armv7-m\libnosys.a
END GROUP
                0x00000000                CY_APPL_ORIGIN = 0x0
                0x00000100                CY_FLASH_ROW_SIZE = 0x100
                0x00000020                CY_ECC_ROW_SIZE = 0x20
                0x00000000                CY_EE_IN_BTLDR = 0x0
                0x00000000                CY_APPL_LOADABLE = 0x0
                0x00000800                CY_EE_SIZE = 0x800
                0x00000001                CY_APPL_NUM = 0x1
                0x00000001                CY_APPL_MAX = 0x1
                0x00000040                CY_METADATA_SIZE = 0x40
                0x1fff8378                PROVIDE (__cy_heap_start, _end)
                0x00000001                PROVIDE (__cy_region_num, ((__cy_regions_end - __cy_regions) / 0x10))
                0x20008000                PROVIDE (__cy_stack, (ORIGIN (ram) + 0x10000))
                0x20004000                PROVIDE (__cy_heap_end, (__cy_stack - 0x4000))

.cybootloader   0x00000000        0x0
 *(.cybootloader)
                0x00000000                appl1_start = CY_APPL_ORIGIN?CY_APPL_ORIGIN:ALIGN (CY_FLASH_ROW_SIZE)
                0x0001ff00                appl2_start = (appl1_start + ALIGN ((((0x40000 - appl1_start) - (0x2 * CY_FLASH_ROW_SIZE)) / 0x2), CY_FLASH_ROW_SIZE))
                0x00000000                appl_start = (CY_APPL_NUM == 0x1)?appl1_start:appl2_start
                0x00000000                ecc_offset = ((appl_start / CY_FLASH_ROW_SIZE) * CY_ECC_ROW_SIZE)
                0x00000000                ee_offset = (CY_APPL_LOADABLE && ! (CY_EE_IN_BTLDR))?((CY_EE_SIZE / CY_APPL_MAX) * (CY_APPL_NUM - 0x1)):0x0
                0x00000800                ee_size = (CY_APPL_LOADABLE && ! (CY_EE_IN_BTLDR))?(CY_EE_SIZE / CY_APPL_MAX):CY_EE_SIZE
                0x00000000                PROVIDE (CY_ECC_OFFSET, ecc_offset)

.text           0x00000000     0x7720
 CREATE_OBJECT_SYMBOLS
                0x00000000                PROVIDE (__cy_interrupt_vector, RomVectors)
 *(.romvectors)
 .romvectors    0x00000000       0x10 .\ARM_GCC_473\Debug\Cm3Start.o
                0x00000000                RomVectors
                0x00000001                ASSERT ((. != __cy_interrupt_vector), No interrupt vector)
                0x00000001                ASSERT (CY_APPL_ORIGIN?(SIZEOF (.cybootloader) <= CY_APPL_ORIGIN):0x1, Wrong image location)
                0x00000010                PROVIDE (__cy_reset, Reset)
 *(.text.Reset)
 .text.Reset    0x00000010       0x1c .\ARM_GCC_473\Debug\Cm3Start.o
                0x00000010                Reset
                0x00000001                ASSERT ((. != __cy_reset), No reset code)
 *(.dma_init)
                0x00000001                ASSERT ((((appl_start + .) <= 0x10000) || 0x1), DMA Init must be within the first 64k of flash)
 *(.text .text.* .gnu.linkonce.t.*)
 .text          0x0000002c       0x54 c:/program files (x86)/cypress/psoc creator/3.0/psoc creator/import/gnu_cs/arm/4.7.3/bin/../lib/gcc/arm-none-eabi/4.7.3/armv7-m/crtbegin.o
 .text.poll_ISR
                0x00000080       0xd0 .\ARM_GCC_473\Debug\main.o
                0x00000080                poll_ISR
 .text.fire_ISR
                0x00000150      0x154 .\ARM_GCC_473\Debug\main.o
                0x00000150                fire_ISR
 .text.Mode_ISR
                0x000002a4       0xbc .\ARM_GCC_473\Debug\main.o
                0x000002a4                Mode_ISR
 .text.main     0x00000360      0x3e4 .\ARM_GCC_473\Debug\main.o
                0x00000360                main
 .text.IntDefaultHandler
                0x00000744        0x8 .\ARM_GCC_473\Debug\Cm3Start.o
                0x00000744                IntDefaultHandler
 .text.Start_c  0x0000074c       0xcc .\ARM_GCC_473\Debug\Cm3Start.o
                0x0000074c                Start_c
 .text.initialize_psoc
                0x00000818       0xb4 .\ARM_GCC_473\Debug\Cm3Start.o
                0x00000818                initialize_psoc
 .text.CYMEMZERO
                0x000008cc       0x20 .\ARM_GCC_473\Debug\USB_UART01.a(cyfitter_cfg.o)
 .text.CYCONFIGCPY
                0x000008ec       0x20 .\ARM_GCC_473\Debug\USB_UART01.a(cyfitter_cfg.o)
 .text.CYCONFIGCPYCODE
                0x0000090c       0x20 .\ARM_GCC_473\Debug\USB_UART01.a(cyfitter_cfg.o)
 .text.CyClockStartupError
                0x0000092c        0xc .\ARM_GCC_473\Debug\USB_UART01.a(cyfitter_cfg.o)
 .text.cfg_write_bytes32
                0x00000938       0x84 .\ARM_GCC_473\Debug\USB_UART01.a(cyfitter_cfg.o)
 .text.ClockSetup
                0x000009bc      0x154 .\ARM_GCC_473\Debug\USB_UART01.a(cyfitter_cfg.o)
 .text.AnalogSetDefault
                0x00000b10       0x94 .\ARM_GCC_473\Debug\USB_UART01.a(cyfitter_cfg.o)
 .text.cyfitter_cfg
                0x00000ba4      0x1cc .\ARM_GCC_473\Debug\USB_UART01.a(cyfitter_cfg.o)
                0x00000ba4                cyfitter_cfg
 .text.USBUART_1_Start
                0x00000d70       0x44 .\ARM_GCC_473\Debug\USB_UART01.a(USBUART_1.o)
                0x00000d70                USBUART_1_Start
 .text.USBUART_1_Init
                0x00000db4      0x238 .\ARM_GCC_473\Debug\USB_UART01.a(USBUART_1.o)
                0x00000db4                USBUART_1_Init
 .text.USBUART_1_InitComponent
                0x00000fec      0x160 .\ARM_GCC_473\Debug\USB_UART01.a(USBUART_1.o)
                0x00000fec                USBUART_1_InitComponent
 .text.USBUART_1_ReInitComponent
                0x0000114c       0xb4 .\ARM_GCC_473\Debug\USB_UART01.a(USBUART_1.o)
                0x0000114c                USBUART_1_ReInitComponent
 .text.USBUART_1_GetConfiguration
                0x00001200       0x18 .\ARM_GCC_473\Debug\USB_UART01.a(USBUART_1.o)
                0x00001200                USBUART_1_GetConfiguration
 .text.USBUART_1_GetEPCount
                0x00001218       0x74 .\ARM_GCC_473\Debug\USB_UART01.a(USBUART_1.o)
                0x00001218                USBUART_1_GetEPCount
 .text.USBUART_1_ReadOutEP
                0x0000128c       0x98 .\ARM_GCC_473\Debug\USB_UART01.a(USBUART_1.o)
                0x0000128c                USBUART_1_ReadOutEP
 .text.USBUART_1_EnableOutEP
                0x00001324       0x78 .\ARM_GCC_473\Debug\USB_UART01.a(USBUART_1.o)
                0x00001324                USBUART_1_EnableOutEP
 .text.USBUART_1_DispatchCDCClassRqst
                0x0000139c      0x11c .\ARM_GCC_473\Debug\USB_UART01.a(USBUART_1_cdc.o)
                0x0000139c                USBUART_1_DispatchCDCClassRqst
 .text.USBUART_1_CDC_Init
                0x000014b8       0x28 .\ARM_GCC_473\Debug\USB_UART01.a(USBUART_1_cdc.o)
                0x000014b8                USBUART_1_CDC_Init
 .text.USBUART_1_DataIsReady
                0x000014e0       0x34 .\ARM_GCC_473\Debug\USB_UART01.a(USBUART_1_cdc.o)
                0x000014e0                USBUART_1_DataIsReady
 .text.USBUART_1_GetAll
                0x00001514       0x54 .\ARM_GCC_473\Debug\USB_UART01.a(USBUART_1_cdc.o)
                0x00001514                USBUART_1_GetAll
 .text.USBUART_1_IsLineChanged
                0x00001568       0x54 .\ARM_GCC_473\Debug\USB_UART01.a(USBUART_1_cdc.o)
                0x00001568                USBUART_1_IsLineChanged
 .text.USBUART_1_GetDTERate
                0x000015bc       0x64 .\ARM_GCC_473\Debug\USB_UART01.a(USBUART_1_cdc.o)
                0x000015bc                USBUART_1_GetDTERate
 .text.USBUART_1_GetCharFormat
                0x00001620       0x18 .\ARM_GCC_473\Debug\USB_UART01.a(USBUART_1_cdc.o)
                0x00001620                USBUART_1_GetCharFormat
 .text.USBUART_1_GetParityType
                0x00001638       0x18 .\ARM_GCC_473\Debug\USB_UART01.a(USBUART_1_cdc.o)
                0x00001638                USBUART_1_GetParityType
 .text.USBUART_1_GetDataBits
                0x00001650       0x18 .\ARM_GCC_473\Debug\USB_UART01.a(USBUART_1_cdc.o)
                0x00001650                USBUART_1_GetDataBits
 .text.USBUART_1_GetLineControl
                0x00001668       0x18 .\ARM_GCC_473\Debug\USB_UART01.a(USBUART_1_cdc.o)
                0x00001668                USBUART_1_GetLineControl
 .text.USBUART_1_EP_0_ISR
                0x00001680      0x140 .\ARM_GCC_473\Debug\USB_UART01.a(USBUART_1_drv.o)
                0x00001680                USBUART_1_EP_0_ISR
 .text.USBUART_1_HandleSetup
                0x000017c0       0xa8 .\ARM_GCC_473\Debug\USB_UART01.a(USBUART_1_drv.o)
                0x000017c0                USBUART_1_HandleSetup
 .text.USBUART_1_HandleIN
                0x00001868       0x50 .\ARM_GCC_473\Debug\USB_UART01.a(USBUART_1_drv.o)
                0x00001868                USBUART_1_HandleIN
 .text.USBUART_1_HandleOUT
                0x000018b8       0x60 .\ARM_GCC_473\Debug\USB_UART01.a(USBUART_1_drv.o)
                0x000018b8                USBUART_1_HandleOUT
 .text.USBUART_1_LoadEP0
                0x00001918      0x138 .\ARM_GCC_473\Debug\USB_UART01.a(USBUART_1_drv.o)
                0x00001918                USBUART_1_LoadEP0
 .text.USBUART_1_InitControlRead
                0x00001a50       0x90 .\ARM_GCC_473\Debug\USB_UART01.a(USBUART_1_drv.o)
                0x00001a50                USBUART_1_InitControlRead
 .text.USBUART_1_InitZeroLengthControlTransfer
                0x00001ae0       0x58 .\ARM_GCC_473\Debug\USB_UART01.a(USBUART_1_drv.o)
                0x00001ae0                USBUART_1_InitZeroLengthControlTransfer
 .text.USBUART_1_ControlReadDataStage
                0x00001b38        0xc .\ARM_GCC_473\Debug\USB_UART01.a(USBUART_1_drv.o)
                0x00001b38                USBUART_1_ControlReadDataStage
 .text.USBUART_1_ControlReadStatusStage
                0x00001b44       0x54 .\ARM_GCC_473\Debug\USB_UART01.a(USBUART_1_drv.o)
                0x00001b44                USBUART_1_ControlReadStatusStage
 .text.USBUART_1_InitControlWrite
                0x00001b98       0x84 .\ARM_GCC_473\Debug\USB_UART01.a(USBUART_1_drv.o)
                0x00001b98                USBUART_1_InitControlWrite
 .text.USBUART_1_ControlWriteDataStage
                0x00001c1c       0xfc .\ARM_GCC_473\Debug\USB_UART01.a(USBUART_1_drv.o)
                0x00001c1c                USBUART_1_ControlWriteDataStage
 .text.USBUART_1_ControlWriteStatusStage
                0x00001d18       0x2c .\ARM_GCC_473\Debug\USB_UART01.a(USBUART_1_drv.o)
                0x00001d18                USBUART_1_ControlWriteStatusStage
 .text.USBUART_1_InitNoDataControlTransfer
                0x00001d44       0x48 .\ARM_GCC_473\Debug\USB_UART01.a(USBUART_1_drv.o)
                0x00001d44                USBUART_1_InitNoDataControlTransfer
 .text.USBUART_1_NoDataControlStatusStage
                0x00001d8c       0x64 .\ARM_GCC_473\Debug\USB_UART01.a(USBUART_1_drv.o)
                0x00001d8c                USBUART_1_NoDataControlStatusStage
 .text.USBUART_1_UpdateStatusBlock
                0x00001df0       0x58 .\ARM_GCC_473\Debug\USB_UART01.a(USBUART_1_drv.o)
                0x00001df0                USBUART_1_UpdateStatusBlock
 .text.USBUART_1_InitializeStatusBlock
                0x00001e48       0x48 .\ARM_GCC_473\Debug\USB_UART01.a(USBUART_1_drv.o)
                0x00001e48                USBUART_1_InitializeStatusBlock
 .text.USBUART_1_EP_1_ISR
                0x00001e90       0x74 .\ARM_GCC_473\Debug\USB_UART01.a(USBUART_1_episr.o)
                0x00001e90                USBUART_1_EP_1_ISR
 .text.USBUART_1_EP_2_ISR
                0x00001f04       0x74 .\ARM_GCC_473\Debug\USB_UART01.a(USBUART_1_episr.o)
                0x00001f04                USBUART_1_EP_2_ISR
 .text.USBUART_1_EP_3_ISR
                0x00001f78       0x7c .\ARM_GCC_473\Debug\USB_UART01.a(USBUART_1_episr.o)
                0x00001f78                USBUART_1_EP_3_ISR
 .text.USBUART_1_SOF_ISR
                0x00001ff4        0xc .\ARM_GCC_473\Debug\USB_UART01.a(USBUART_1_episr.o)
                0x00001ff4                USBUART_1_SOF_ISR
 .text.USBUART_1_BUS_RESET_ISR
                0x00002000        0xc .\ARM_GCC_473\Debug\USB_UART01.a(USBUART_1_episr.o)
                0x00002000                USBUART_1_BUS_RESET_ISR
 .text.USBUART_1_DispatchHIDClassRqst
                0x0000200c      0x2bc .\ARM_GCC_473\Debug\USB_UART01.a(USBUART_1_hid.o)
                0x0000200c                USBUART_1_DispatchHIDClassRqst
 .text.USBUART_1_FindHidClassDecriptor
                0x000022c8       0x94 .\ARM_GCC_473\Debug\USB_UART01.a(USBUART_1_hid.o)
                0x000022c8                USBUART_1_FindHidClassDecriptor
 .text.USBUART_1_FindReportDescriptor
                0x0000235c       0xac .\ARM_GCC_473\Debug\USB_UART01.a(USBUART_1_hid.o)
                0x0000235c                USBUART_1_FindReportDescriptor
 .text.USBUART_1_FindReport
                0x00002408      0x100 .\ARM_GCC_473\Debug\USB_UART01.a(USBUART_1_hid.o)
                0x00002408                USBUART_1_FindReport
 .text.USBUART_1_HandleStandardRqst
                0x00002508      0x614 .\ARM_GCC_473\Debug\USB_UART01.a(USBUART_1_std.o)
                0x00002508                USBUART_1_HandleStandardRqst
 .text.USBUART_1_ReadDieID
                0x00002b1c       0xa8 .\ARM_GCC_473\Debug\USB_UART01.a(USBUART_1_std.o)
                0x00002b1c                USBUART_1_ReadDieID
 .text.USBUART_1_ConfigReg
                0x00002bc4      0x204 .\ARM_GCC_473\Debug\USB_UART01.a(USBUART_1_std.o)
                0x00002bc4                USBUART_1_ConfigReg
 .text.USBUART_1_Config
                0x00002dc8      0x474 .\ARM_GCC_473\Debug\USB_UART01.a(USBUART_1_std.o)
                0x00002dc8                USBUART_1_Config
 .text.USBUART_1_ConfigAltChanged
                0x0000323c      0x354 .\ARM_GCC_473\Debug\USB_UART01.a(USBUART_1_std.o)
                0x0000323c                USBUART_1_ConfigAltChanged
 .text.USBUART_1_GetConfigTablePtr
                0x00003590       0x44 .\ARM_GCC_473\Debug\USB_UART01.a(USBUART_1_std.o)
                0x00003590                USBUART_1_GetConfigTablePtr
 .text.USBUART_1_GetDeviceTablePtr
                0x000035d4       0x28 .\ARM_GCC_473\Debug\USB_UART01.a(USBUART_1_std.o)
                0x000035d4                USBUART_1_GetDeviceTablePtr
 .text.USBUART_1_GetInterfaceClassTablePtr
                0x000035fc       0x48 .\ARM_GCC_473\Debug\USB_UART01.a(USBUART_1_std.o)
                0x000035fc                USBUART_1_GetInterfaceClassTablePtr
 .text.USBUART_1_SetEndpointHalt
                0x00003644      0x130 .\ARM_GCC_473\Debug\USB_UART01.a(USBUART_1_std.o)
                0x00003644                USBUART_1_SetEndpointHalt
 .text.USBUART_1_ClearEndpointHalt
                0x00003774      0x1c4 .\ARM_GCC_473\Debug\USB_UART01.a(USBUART_1_std.o)
                0x00003774                USBUART_1_ClearEndpointHalt
 .text.USBUART_1_ValidateAlternateSetting
                0x00003938       0x90 .\ARM_GCC_473\Debug\USB_UART01.a(USBUART_1_std.o)
                0x00003938                USBUART_1_ValidateAlternateSetting
 .text.USBUART_1_HandleVendorRqst
                0x000039c8       0x70 .\ARM_GCC_473\Debug\USB_UART01.a(USBUART_1_vnd.o)
                0x000039c8                USBUART_1_HandleVendorRqst
 .text.LCD_Init
                0x00003a38       0x90 .\ARM_GCC_473\Debug\USB_UART01.a(LCD.o)
                0x00003a38                LCD_Init
 .text.LCD_Enable
                0x00003ac8       0x1c .\ARM_GCC_473\Debug\USB_UART01.a(LCD.o)
                0x00003ac8                LCD_Enable
 .text.LCD_Start
                0x00003ae4       0x2c .\ARM_GCC_473\Debug\USB_UART01.a(LCD.o)
                0x00003ae4                LCD_Start
 .text.LCD_Position
                0x00003b10       0x78 .\ARM_GCC_473\Debug\USB_UART01.a(LCD.o)
                0x00003b10                LCD_Position
 .text.LCD_PrintString
                0x00003b88       0x40 .\ARM_GCC_473\Debug\USB_UART01.a(LCD.o)
                0x00003b88                LCD_PrintString
 .text.LCD_WriteData
                0x00003bc8       0x38 .\ARM_GCC_473\Debug\USB_UART01.a(LCD.o)
                0x00003bc8                LCD_WriteData
 .text.LCD_WriteControl
                0x00003c00       0x38 .\ARM_GCC_473\Debug\USB_UART01.a(LCD.o)
                0x00003c00                LCD_WriteControl
 .text.LCD_IsReady
                0x00003c38      0x208 .\ARM_GCC_473\Debug\USB_UART01.a(LCD.o)
                0x00003c38                LCD_IsReady
 .text.LCD_WrDatNib
                0x00003e40       0xb0 .\ARM_GCC_473\Debug\USB_UART01.a(LCD.o)
 .text.LCD_WrCntrlNib
                0x00003ef0       0x90 .\ARM_GCC_473\Debug\USB_UART01.a(LCD.o)
 .text          0x00003f80       0x60 .\ARM_GCC_473\Debug\USB_UART01.a(CyBootAsmGnu.o)
                0x00003f80                CyDelayCycles
                0x00003fc4                CyEnterCriticalSection
                0x00003fcc                CyExitCriticalSection
 .text.CyHalt   0x00003fe0       0x18 .\ARM_GCC_473\Debug\USB_UART01.a(CyLib.o)
                0x00003fe0                CyHalt
 .text.CyDelay  0x00003ff8       0x48 .\ARM_GCC_473\Debug\USB_UART01.a(CyLib.o)
                0x00003ff8                CyDelay
 .text.CyDelayUs
                0x00004040       0x28 .\ARM_GCC_473\Debug\USB_UART01.a(CyLib.o)
                0x00004040                CyDelayUs
 .text.CyIntSetVector
                0x00004068       0x60 .\ARM_GCC_473\Debug\USB_UART01.a(CyLib.o)
                0x00004068                CyIntSetVector
 .text.CyIntSetPriority
                0x000040c8       0x4c .\ARM_GCC_473\Debug\USB_UART01.a(CyLib.o)
                0x000040c8                CyIntSetPriority
 .text.laser_state_Write
                0x00004114       0x44 .\ARM_GCC_473\Debug\USB_UART01.a(laser_state.o)
                0x00004114                laser_state_Write
 .text.VDAC8_x_Init
                0x00004158       0x34 .\ARM_GCC_473\Debug\USB_UART01.a(VDAC8_x.o)
                0x00004158                VDAC8_x_Init
 .text.VDAC8_x_Enable
                0x0000418c       0x44 .\ARM_GCC_473\Debug\USB_UART01.a(VDAC8_x.o)
                0x0000418c                VDAC8_x_Enable
 .text.VDAC8_x_Start
                0x000041d0       0x34 .\ARM_GCC_473\Debug\USB_UART01.a(VDAC8_x.o)
                0x000041d0                VDAC8_x_Start
 .text.VDAC8_x_SetSpeed
                0x00004204       0x54 .\ARM_GCC_473\Debug\USB_UART01.a(VDAC8_x.o)
                0x00004204                VDAC8_x_SetSpeed
 .text.VDAC8_x_SetRange
                0x00004258       0x54 .\ARM_GCC_473\Debug\USB_UART01.a(VDAC8_x.o)
                0x00004258                VDAC8_x_SetRange
 .text.VDAC8_x_SetValue
                0x000042ac       0x20 .\ARM_GCC_473\Debug\USB_UART01.a(VDAC8_x.o)
                0x000042ac                VDAC8_x_SetValue
 .text.VDAC8_x_DacTrim
                0x000042cc       0x44 .\ARM_GCC_473\Debug\USB_UART01.a(VDAC8_x.o)
                0x000042cc                VDAC8_x_DacTrim
 .text.Opamp_y_Init
                0x00004310       0x10 .\ARM_GCC_473\Debug\USB_UART01.a(Opamp_y.o)
                0x00004310                Opamp_y_Init
 .text.Opamp_y_Enable
                0x00004320       0x60 .\ARM_GCC_473\Debug\USB_UART01.a(Opamp_y.o)
                0x00004320                Opamp_y_Enable
 .text.Opamp_y_Start
                0x00004380       0x2c .\ARM_GCC_473\Debug\USB_UART01.a(Opamp_y.o)
                0x00004380                Opamp_y_Start
 .text.Opamp_y_SetPower
                0x000043ac       0x54 .\ARM_GCC_473\Debug\USB_UART01.a(Opamp_y.o)
                0x000043ac                Opamp_y_SetPower
 .text.Opamp_x_Init
                0x00004400       0x10 .\ARM_GCC_473\Debug\USB_UART01.a(Opamp_x.o)
                0x00004400                Opamp_x_Init
 .text.Opamp_x_Enable
                0x00004410       0x60 .\ARM_GCC_473\Debug\USB_UART01.a(Opamp_x.o)
                0x00004410                Opamp_x_Enable
 .text.Opamp_x_Start
                0x00004470       0x2c .\ARM_GCC_473\Debug\USB_UART01.a(Opamp_x.o)
                0x00004470                Opamp_x_Start
 .text.Opamp_x_SetPower
                0x0000449c       0x54 .\ARM_GCC_473\Debug\USB_UART01.a(Opamp_x.o)
                0x0000449c                Opamp_x_SetPower
 .text.VDAC8_y_Init
                0x000044f0       0x34 .\ARM_GCC_473\Debug\USB_UART01.a(VDAC8_y.o)
                0x000044f0                VDAC8_y_Init
 .text.VDAC8_y_Enable
                0x00004524       0x44 .\ARM_GCC_473\Debug\USB_UART01.a(VDAC8_y.o)
                0x00004524                VDAC8_y_Enable
 .text.VDAC8_y_Start
                0x00004568       0x34 .\ARM_GCC_473\Debug\USB_UART01.a(VDAC8_y.o)
                0x00004568                VDAC8_y_Start
 .text.VDAC8_y_SetSpeed
                0x0000459c       0x54 .\ARM_GCC_473\Debug\USB_UART01.a(VDAC8_y.o)
                0x0000459c                VDAC8_y_SetSpeed
 .text.VDAC8_y_SetRange
                0x000045f0       0x54 .\ARM_GCC_473\Debug\USB_UART01.a(VDAC8_y.o)
                0x000045f0                VDAC8_y_SetRange
 .text.VDAC8_y_SetValue
                0x00004644       0x20 .\ARM_GCC_473\Debug\USB_UART01.a(VDAC8_y.o)
                0x00004644                VDAC8_y_SetValue
 .text.VDAC8_y_DacTrim
                0x00004664       0x44 .\ARM_GCC_473\Debug\USB_UART01.a(VDAC8_y.o)
                0x00004664                VDAC8_y_DacTrim
 .text.Poll_Interrupt_StartEx
                0x000046a8       0x28 .\ARM_GCC_473\Debug\USB_UART01.a(Poll_Interrupt.o)
                0x000046a8                Poll_Interrupt_StartEx
 .text.Poll_Interrupt_SetVector
                0x000046d0       0x28 .\ARM_GCC_473\Debug\USB_UART01.a(Poll_Interrupt.o)
                0x000046d0                Poll_Interrupt_SetVector
 .text.Poll_Interrupt_SetPriority
                0x000046f8       0x28 .\ARM_GCC_473\Debug\USB_UART01.a(Poll_Interrupt.o)
                0x000046f8                Poll_Interrupt_SetPriority
 .text.Poll_Interrupt_Enable
                0x00004720       0x18 .\ARM_GCC_473\Debug\USB_UART01.a(Poll_Interrupt.o)
                0x00004720                Poll_Interrupt_Enable
 .text.Poll_Interrupt_Disable
                0x00004738       0x18 .\ARM_GCC_473\Debug\USB_UART01.a(Poll_Interrupt.o)
                0x00004738                Poll_Interrupt_Disable
 .text.Poll_Timer_Init
                0x00004750       0x58 .\ARM_GCC_473\Debug\USB_UART01.a(Poll_Timer.o)
                0x00004750                Poll_Timer_Init
 .text.Poll_Timer_Enable
                0x000047a8       0x28 .\ARM_GCC_473\Debug\USB_UART01.a(Poll_Timer.o)
                0x000047a8                Poll_Timer_Enable
 .text.Poll_Timer_Start
                0x000047d0       0x2c .\ARM_GCC_473\Debug\USB_UART01.a(Poll_Timer.o)
                0x000047d0                Poll_Timer_Start
 .text.Poll_Timer_SetInterruptMode
                0x000047fc       0x20 .\ARM_GCC_473\Debug\USB_UART01.a(Poll_Timer.o)
                0x000047fc                Poll_Timer_SetInterruptMode
 .text.Poll_Timer_ReadStatusRegister
                0x0000481c       0x18 .\ARM_GCC_473\Debug\USB_UART01.a(Poll_Timer.o)
                0x0000481c                Poll_Timer_ReadStatusRegister
 .text.Poll_Timer_WritePeriod
                0x00004834       0x20 .\ARM_GCC_473\Debug\USB_UART01.a(Poll_Timer.o)
                0x00004834                Poll_Timer_WritePeriod
 .text.Poll_Timer_ReadCapture
                0x00004854       0x1c .\ARM_GCC_473\Debug\USB_UART01.a(Poll_Timer.o)
                0x00004854                Poll_Timer_ReadCapture
 .text.Poll_Timer_WriteCounter
                0x00004870       0x20 .\ARM_GCC_473\Debug\USB_UART01.a(Poll_Timer.o)
                0x00004870                Poll_Timer_WriteCounter
 .text.Poll_Timer_ClearFIFO
                0x00004890       0x1c .\ARM_GCC_473\Debug\USB_UART01.a(Poll_Timer.o)
                0x00004890                Poll_Timer_ClearFIFO
 .text.Fire_Timer_Init
                0x000048ac       0xe4 .\ARM_GCC_473\Debug\USB_UART01.a(Fire_Timer.o)
                0x000048ac                Fire_Timer_Init
 .text.Fire_Timer_Enable
                0x00004990       0x60 .\ARM_GCC_473\Debug\USB_UART01.a(Fire_Timer.o)
                0x00004990                Fire_Timer_Enable
 .text.Fire_Timer_Start
                0x000049f0       0x2c .\ARM_GCC_473\Debug\USB_UART01.a(Fire_Timer.o)
                0x000049f0                Fire_Timer_Start
 .text.Fire_Timer_SetInterruptMode
                0x00004a1c       0x20 .\ARM_GCC_473\Debug\USB_UART01.a(Fire_Timer.o)
                0x00004a1c                Fire_Timer_SetInterruptMode
 .text.Fire_Timer_ReadStatusRegister
                0x00004a3c       0x18 .\ARM_GCC_473\Debug\USB_UART01.a(Fire_Timer.o)
                0x00004a3c                Fire_Timer_ReadStatusRegister
 .text.Fire_Timer_WritePeriod
                0x00004a54       0x24 .\ARM_GCC_473\Debug\USB_UART01.a(Fire_Timer.o)
                0x00004a54                Fire_Timer_WritePeriod
 .text.Fire_Timer_WriteCounter
                0x00004a78       0x20 .\ARM_GCC_473\Debug\USB_UART01.a(Fire_Timer.o)
                0x00004a78                Fire_Timer_WriteCounter
 .text.Fire_Interrupt_StartEx
                0x00004a98       0x28 .\ARM_GCC_473\Debug\USB_UART01.a(Fire_Interrupt.o)
                0x00004a98                Fire_Interrupt_StartEx
 .text.Fire_Interrupt_SetVector
                0x00004ac0       0x28 .\ARM_GCC_473\Debug\USB_UART01.a(Fire_Interrupt.o)
                0x00004ac0                Fire_Interrupt_SetVector
 .text.Fire_Interrupt_SetPriority
                0x00004ae8       0x28 .\ARM_GCC_473\Debug\USB_UART01.a(Fire_Interrupt.o)
                0x00004ae8                Fire_Interrupt_SetPriority
 .text.Fire_Interrupt_Enable
                0x00004b10       0x18 .\ARM_GCC_473\Debug\USB_UART01.a(Fire_Interrupt.o)
                0x00004b10                Fire_Interrupt_Enable
 .text.Fire_Interrupt_Disable
                0x00004b28       0x18 .\ARM_GCC_473\Debug\USB_UART01.a(Fire_Interrupt.o)
                0x00004b28                Fire_Interrupt_Disable
 .text.Mode_Interrupt_StartEx
                0x00004b40       0x28 .\ARM_GCC_473\Debug\USB_UART01.a(Mode_Interrupt.o)
                0x00004b40                Mode_Interrupt_StartEx
 .text.Mode_Interrupt_SetVector
                0x00004b68       0x28 .\ARM_GCC_473\Debug\USB_UART01.a(Mode_Interrupt.o)
                0x00004b68                Mode_Interrupt_SetVector
 .text.Mode_Interrupt_SetPriority
                0x00004b90       0x28 .\ARM_GCC_473\Debug\USB_UART01.a(Mode_Interrupt.o)
                0x00004b90                Mode_Interrupt_SetPriority
 .text.Mode_Interrupt_Enable
                0x00004bb8       0x18 .\ARM_GCC_473\Debug\USB_UART01.a(Mode_Interrupt.o)
                0x00004bb8                Mode_Interrupt_Enable
 .text.Mode_Interrupt_Disable
                0x00004bd0       0x18 .\ARM_GCC_473\Debug\USB_UART01.a(Mode_Interrupt.o)
                0x00004bd0                Mode_Interrupt_Disable
 .text.USBUART_1_DispatchClassRqst
                0x00004be8       0xb0 .\ARM_GCC_473\Debug\USB_UART01.a(USBUART_1_cls.o)
                0x00004be8                USBUART_1_DispatchClassRqst
 .text.CySetReg24
                0x00004c98       0x40 .\ARM_GCC_473\Debug\USB_UART01.a(cyutils.o)
                0x00004c98                CySetReg24
 .text          0x00004cd8      0x370 c:/program files (x86)/cypress/psoc creator/3.0/psoc creator/import/gnu_cs/arm/4.7.3/bin/../lib/gcc/arm-none-eabi/4.7.3/armv7-m\libgcc.a(_arm_addsubdf3.o)
                0x00004cd8                __aeabi_drsub
                0x00004ce0                __aeabi_dsub
                0x00004ce0                __subdf3
                0x00004ce4                __aeabi_dadd
                0x00004ce4                __adddf3
                0x00004f5c                __floatunsidf
                0x00004f5c                __aeabi_ui2d
                0x00004f7c                __floatsidf
                0x00004f7c                __aeabi_i2d
                0x00004fa0                __aeabi_f2d
                0x00004fa0                __extendsfdf2
                0x00004fdc                __floatundidf
                0x00004fdc                __aeabi_ul2d
                0x00004fec                __floatdidf
                0x00004fec                __aeabi_l2d
 .text          0x00005048      0x424 c:/program files (x86)/cypress/psoc creator/3.0/psoc creator/import/gnu_cs/arm/4.7.3/bin/../lib/gcc/arm-none-eabi/4.7.3/armv7-m\libgcc.a(_arm_muldivdf3.o)
                0x00005048                __aeabi_dmul
                0x00005048                __muldf3
                0x0000529c                __divdf3
                0x0000529c                __aeabi_ddiv
 .text          0x0000546c       0x40 c:/program files (x86)/cypress/psoc creator/3.0/psoc creator/import/gnu_cs/arm/4.7.3/bin/../lib/gcc/arm-none-eabi/4.7.3/armv7-m\libgcc.a(_arm_fixunsdfsi.o)
                0x0000546c                __aeabi_d2uiz
                0x0000546c                __fixunsdfsi
 .text.__libc_init_array
                0x000054ac       0x4c c:/program files (x86)/cypress/psoc creator/3.0/psoc creator/import/gnu_cs/arm/4.7.3/bin/../lib/gcc/arm-none-eabi/4.7.3/../../../../arm-none-eabi/lib/armv7-m\libc_s.a(lib_a-init.o)
                0x000054ac                __libc_init_array
 .text.memcpy   0x000054f8       0x12 c:/program files (x86)/cypress/psoc creator/3.0/psoc creator/import/gnu_cs/arm/4.7.3/bin/../lib/gcc/arm-none-eabi/4.7.3/../../../../arm-none-eabi/lib/armv7-m\libc_s.a(lib_a-memcpy.o)
                0x000054f8                memcpy
 .text.memset   0x0000550a       0x10 c:/program files (x86)/cypress/psoc creator/3.0/psoc creator/import/gnu_cs/arm/4.7.3/bin/../lib/gcc/arm-none-eabi/4.7.3/../../../../arm-none-eabi/lib/armv7-m\libc_s.a(lib_a-memset.o)
                0x0000550a                memset
 *fill*         0x0000551a        0x2 00
 .text.sprintf  0x0000551c       0x48 c:/program files (x86)/cypress/psoc creator/3.0/psoc creator/import/gnu_cs/arm/4.7.3/bin/../lib/gcc/arm-none-eabi/4.7.3/../../../../arm-none-eabi/lib/armv7-m\libc_s.a(lib_a-sprintf.o)
                0x0000551c                siprintf
                0x0000551c                sprintf
 .text.__ssputc_r
                0x00005564       0xae c:/program files (x86)/cypress/psoc creator/3.0/psoc creator/import/gnu_cs/arm/4.7.3/bin/../lib/gcc/arm-none-eabi/4.7.3/../../../../arm-none-eabi/lib/armv7-m\libc_s.a(lib_a-svfprintf.o)
                0x00005564                __ssputc_r
 *fill*         0x00005612        0x2 00
 .text._svfprintf_r
                0x00005614      0x1f4 c:/program files (x86)/cypress/psoc creator/3.0/psoc creator/import/gnu_cs/arm/4.7.3/bin/../lib/gcc/arm-none-eabi/4.7.3/../../../../arm-none-eabi/lib/armv7-m\libc_s.a(lib_a-svfprintf.o)
                0x00005614                _svfiprintf_r
                0x00005614                _svfprintf_r
 .text.__cvt    0x00005808       0xd2 c:/program files (x86)/cypress/psoc creator/3.0/psoc creator/import/gnu_cs/arm/4.7.3/bin/../lib/gcc/arm-none-eabi/4.7.3/../../../../arm-none-eabi/lib/armv7-m\libc_s.a(lib_a-vfprintf_float.o)
                0x00005808                __cvt
 .text.__exponent
                0x000058da       0x5e c:/program files (x86)/cypress/psoc creator/3.0/psoc creator/import/gnu_cs/arm/4.7.3/bin/../lib/gcc/arm-none-eabi/4.7.3/../../../../arm-none-eabi/lib/armv7-m\libc_s.a(lib_a-vfprintf_float.o)
                0x000058da                __exponent
 .text._printf_float
                0x00005938      0x4a4 c:/program files (x86)/cypress/psoc creator/3.0/psoc creator/import/gnu_cs/arm/4.7.3/bin/../lib/gcc/arm-none-eabi/4.7.3/../../../../arm-none-eabi/lib/armv7-m\libc_s.a(lib_a-vfprintf_float.o)
                0x00005938                _printf_float
 .text._printf_common
                0x00005ddc       0xde c:/program files (x86)/cypress/psoc creator/3.0/psoc creator/import/gnu_cs/arm/4.7.3/bin/../lib/gcc/arm-none-eabi/4.7.3/../../../../arm-none-eabi/lib/armv7-m\libc_s.a(lib_a-vfprintf_i.o)
                0x00005ddc                _printf_common
 *fill*         0x00005eba        0x2 00
 .text._printf_i
                0x00005ebc      0x248 c:/program files (x86)/cypress/psoc creator/3.0/psoc creator/import/gnu_cs/arm/4.7.3/bin/../lib/gcc/arm-none-eabi/4.7.3/../../../../arm-none-eabi/lib/armv7-m\libc_s.a(lib_a-vfprintf_i.o)
                0x00005ebc                _printf_i
 .text.quorem   0x00006104      0x11a c:/program files (x86)/cypress/psoc creator/3.0/psoc creator/import/gnu_cs/arm/4.7.3/bin/../lib/gcc/arm-none-eabi/4.7.3/../../../../arm-none-eabi/lib/armv7-m\libc_s.a(lib_a-dtoa.o)
 *fill*         0x0000621e        0x2 00
 .text._dtoa_r  0x00006220      0xb40 c:/program files (x86)/cypress/psoc creator/3.0/psoc creator/import/gnu_cs/arm/4.7.3/bin/../lib/gcc/arm-none-eabi/4.7.3/../../../../arm-none-eabi/lib/armv7-m\libc_s.a(lib_a-dtoa.o)
                0x00006220                _dtoa_r
 .text._free_r  0x00006d60       0x88 c:/program files (x86)/cypress/psoc creator/3.0/psoc creator/import/gnu_cs/arm/4.7.3/bin/../lib/gcc/arm-none-eabi/4.7.3/../../../../arm-none-eabi/lib/armv7-m\libc_s.a(lib_a-freer.o)
                0x00006d60                _free_r
 .text._localeconv_r
                0x00006de8        0x8 c:/program files (x86)/cypress/psoc creator/3.0/psoc creator/import/gnu_cs/arm/4.7.3/bin/../lib/gcc/arm-none-eabi/4.7.3/../../../../arm-none-eabi/lib/armv7-m\libc_s.a(lib_a-locale.o)
                0x00006de8                _localeconv_r
 .text.malloc   0x00006df0       0x10 c:/program files (x86)/cypress/psoc creator/3.0/psoc creator/import/gnu_cs/arm/4.7.3/bin/../lib/gcc/arm-none-eabi/4.7.3/../../../../arm-none-eabi/lib/armv7-m\libc_s.a(lib_a-malloc.o)
                0x00006df0                malloc
 .text._malloc_r
                0x00006e00       0x94 c:/program files (x86)/cypress/psoc creator/3.0/psoc creator/import/gnu_cs/arm/4.7.3/bin/../lib/gcc/arm-none-eabi/4.7.3/../../../../arm-none-eabi/lib/armv7-m\libc_s.a(lib_a-mallocr.o)
                0x00006e00                _malloc_r
 .text.memchr   0x00006e94       0x1c c:/program files (x86)/cypress/psoc creator/3.0/psoc creator/import/gnu_cs/arm/4.7.3/bin/../lib/gcc/arm-none-eabi/4.7.3/../../../../arm-none-eabi/lib/armv7-m\libc_s.a(lib_a-memchr.o)
                0x00006e94                memchr
 .text._Balloc  0x00006eb0       0x6a c:/program files (x86)/cypress/psoc creator/3.0/psoc creator/import/gnu_cs/arm/4.7.3/bin/../lib/gcc/arm-none-eabi/4.7.3/../../../../arm-none-eabi/lib/armv7-m\libc_s.a(lib_a-mprec.o)
                0x00006eb0                _Balloc
 .text._Bfree   0x00006f1a       0x2e c:/program files (x86)/cypress/psoc creator/3.0/psoc creator/import/gnu_cs/arm/4.7.3/bin/../lib/gcc/arm-none-eabi/4.7.3/../../../../arm-none-eabi/lib/armv7-m\libc_s.a(lib_a-mprec.o)
                0x00006f1a                _Bfree
 .text.__multadd
                0x00006f48       0x78 c:/program files (x86)/cypress/psoc creator/3.0/psoc creator/import/gnu_cs/arm/4.7.3/bin/../lib/gcc/arm-none-eabi/4.7.3/../../../../arm-none-eabi/lib/armv7-m\libc_s.a(lib_a-mprec.o)
                0x00006f48                __multadd
 .text.__hi0bits
                0x00006fc0       0x3e c:/program files (x86)/cypress/psoc creator/3.0/psoc creator/import/gnu_cs/arm/4.7.3/bin/../lib/gcc/arm-none-eabi/4.7.3/../../../../arm-none-eabi/lib/armv7-m\libc_s.a(lib_a-mprec.o)
                0x00006fc0                __hi0bits
 .text.__lo0bits
                0x00006ffe       0x5a c:/program files (x86)/cypress/psoc creator/3.0/psoc creator/import/gnu_cs/arm/4.7.3/bin/../lib/gcc/arm-none-eabi/4.7.3/../../../../arm-none-eabi/lib/armv7-m\libc_s.a(lib_a-mprec.o)
                0x00006ffe                __lo0bits
 .text.__i2b    0x00007058       0x12 c:/program files (x86)/cypress/psoc creator/3.0/psoc creator/import/gnu_cs/arm/4.7.3/bin/../lib/gcc/arm-none-eabi/4.7.3/../../../../arm-none-eabi/lib/armv7-m\libc_s.a(lib_a-mprec.o)
                0x00007058                __i2b
 .text.__multiply
                0x0000706a      0x122 c:/program files (x86)/cypress/psoc creator/3.0/psoc creator/import/gnu_cs/arm/4.7.3/bin/../lib/gcc/arm-none-eabi/4.7.3/../../../../arm-none-eabi/lib/armv7-m\libc_s.a(lib_a-mprec.o)
                0x0000706a                __multiply
 .text.__pow5mult
                0x0000718c       0xa4 c:/program files (x86)/cypress/psoc creator/3.0/psoc creator/import/gnu_cs/arm/4.7.3/bin/../lib/gcc/arm-none-eabi/4.7.3/../../../../arm-none-eabi/lib/armv7-m\libc_s.a(lib_a-mprec.o)
                0x0000718c                __pow5mult
 .text.__lshift
                0x00007230       0xa8 c:/program files (x86)/cypress/psoc creator/3.0/psoc creator/import/gnu_cs/arm/4.7.3/bin/../lib/gcc/arm-none-eabi/4.7.3/../../../../arm-none-eabi/lib/armv7-m\libc_s.a(lib_a-mprec.o)
                0x00007230                __lshift
 .text.__mcmp   0x000072d8       0x3a c:/program files (x86)/cypress/psoc creator/3.0/psoc creator/import/gnu_cs/arm/4.7.3/bin/../lib/gcc/arm-none-eabi/4.7.3/../../../../arm-none-eabi/lib/armv7-m\libc_s.a(lib_a-mprec.o)
                0x000072d8                __mcmp
 .text.__mdiff  0x00007312       0xc4 c:/program files (x86)/cypress/psoc creator/3.0/psoc creator/import/gnu_cs/arm/4.7.3/bin/../lib/gcc/arm-none-eabi/4.7.3/../../../../arm-none-eabi/lib/armv7-m\libc_s.a(lib_a-mprec.o)
                0x00007312                __mdiff
 .text.__d2b    0x000073d6       0xa8 c:/program files (x86)/cypress/psoc creator/3.0/psoc creator/import/gnu_cs/arm/4.7.3/bin/../lib/gcc/arm-none-eabi/4.7.3/../../../../arm-none-eabi/lib/armv7-m\libc_s.a(lib_a-mprec.o)
                0x000073d6                __d2b
 .text._realloc_r
                0x0000747e       0x48 c:/program files (x86)/cypress/psoc creator/3.0/psoc creator/import/gnu_cs/arm/4.7.3/bin/../lib/gcc/arm-none-eabi/4.7.3/../../../../arm-none-eabi/lib/armv7-m\libc_s.a(lib_a-reallocr.o)
                0x0000747e                _realloc_r
 *fill*         0x000074c6        0x2 00
 .text.__fpclassifyd
                0x000074c8       0x64 c:/program files (x86)/cypress/psoc creator/3.0/psoc creator/import/gnu_cs/arm/4.7.3/bin/../lib/gcc/arm-none-eabi/4.7.3/../../../../arm-none-eabi/lib/armv7-m\libc_s.a(lib_a-s_fpclassify.o)
                0x000074c8                __fpclassifyd
 .text._sbrk_r  0x0000752c       0x20 c:/program files (x86)/cypress/psoc creator/3.0/psoc creator/import/gnu_cs/arm/4.7.3/bin/../lib/gcc/arm-none-eabi/4.7.3/../../../../arm-none-eabi/lib/armv7-m\libc_s.a(lib_a-sbrkr.o)
                0x0000752c                _sbrk_r
 .text.strlen   0x0000754c       0x10 c:/program files (x86)/cypress/psoc creator/3.0/psoc creator/import/gnu_cs/arm/4.7.3/bin/../lib/gcc/arm-none-eabi/4.7.3/../../../../arm-none-eabi/lib/armv7-m\libc_s.a(lib_a-strlen.o)
                0x0000754c                strlen
 .text._calloc_r
                0x0000755c       0x1c c:/program files (x86)/cypress/psoc creator/3.0/psoc creator/import/gnu_cs/arm/4.7.3/bin/../lib/gcc/arm-none-eabi/4.7.3/../../../../arm-none-eabi/lib/armv7-m\libc_s.a(lib_a-callocr.o)
                0x0000755c                _calloc_r
 .text._malloc_usable_size_r
                0x00007578       0x12 c:/program files (x86)/cypress/psoc creator/3.0/psoc creator/import/gnu_cs/arm/4.7.3/bin/../lib/gcc/arm-none-eabi/4.7.3/../../../../arm-none-eabi/lib/armv7-m\libc_s.a(lib_a-msizer.o)
                0x00007578                _malloc_usable_size_r
 *fill*         0x0000758a        0x2 00
 .text          0x0000758c      0x110 c:/program files (x86)/cypress/psoc creator/3.0/psoc creator/import/gnu_cs/arm/4.7.3/bin/../lib/gcc/arm-none-eabi/4.7.3/armv7-m\libgcc.a(_arm_cmpdf2.o)
                0x0000758c                __gtdf2
                0x0000758c                __gedf2
                0x00007594                __ltdf2
                0x00007594                __ledf2
                0x0000759c                __nedf2
                0x0000759c                __eqdf2
                0x0000759c                __cmpdf2
                0x00007618                __aeabi_cdrcmple
                0x00007628                __aeabi_cdcmpeq
                0x00007628                __aeabi_cdcmple
                0x00007638                __aeabi_dcmpeq
                0x0000764c                __aeabi_dcmplt
                0x00007660                __aeabi_dcmple
                0x00007674                __aeabi_dcmpge
                0x00007688                __aeabi_dcmpgt
 .text          0x0000769c       0x50 c:/program files (x86)/cypress/psoc creator/3.0/psoc creator/import/gnu_cs/arm/4.7.3/bin/../lib/gcc/arm-none-eabi/4.7.3/armv7-m\libgcc.a(_arm_fixdfsi.o)
                0x0000769c                __aeabi_d2iz
                0x0000769c                __fixdfsi
 .text._sbrk    0x000076ec       0x34 c:/program files (x86)/cypress/psoc creator/3.0/psoc creator/import/gnu_cs/arm/4.7.3/bin/../lib/gcc/arm-none-eabi/4.7.3/../../../../arm-none-eabi/lib/armv7-m\libnosys.a(sbrk.o)
                0x000076ec                _sbrk
 *(.plt)
 *(.gnu.warning)
 *(.glue_7t)
 .glue_7t       0x00000000        0x0 linker stubs
 *(.glue_7)
 .glue_7        0x00000000        0x0 linker stubs
 *(.vfp11_veneer)
 .vfp11_veneer  0x00000000        0x0 linker stubs
 *(.bootloader)
 *(.ARM.extab* .gnu.linkonce.armextab.*)
 *(.gcc_except_table)

.v4_bx          0x00007720        0x0
 .v4_bx         0x00000000        0x0 linker stubs

.iplt           0x00007720        0x0
 .iplt          0x00000000        0x0 c:/program files (x86)/cypress/psoc creator/3.0/psoc creator/import/gnu_cs/arm/4.7.3/bin/../lib/gcc/arm-none-eabi/4.7.3/armv7-m/crtbegin.o

.eh_frame_hdr
 *(.eh_frame_hdr)

.eh_frame       0x00007720        0x4
 *(.eh_frame)
 .eh_frame      0x00007720        0x0 c:/program files (x86)/cypress/psoc creator/3.0/psoc creator/import/gnu_cs/arm/4.7.3/bin/../lib/gcc/arm-none-eabi/4.7.3/armv7-m/crtbegin.o
 .eh_frame      0x00007720        0x4 c:/program files (x86)/cypress/psoc creator/3.0/psoc creator/import/gnu_cs/arm/4.7.3/bin/../lib/gcc/arm-none-eabi/4.7.3/armv7-m/crtend.o
                0x00007724                PROVIDE (__exidx_start, .)

.ARM.exidx
 *(.ARM.exidx* .gnu.linkonce.armexidx.*)
                0x00007724                __exidx_end = .

.rodata         0x00007728      0xbf8
 *(.rodata .rodata.* .gnu.linkonce.r.*)
 .rodata        0x00007728       0xbc .\ARM_GCC_473\Debug\main.o
 .rodata        0x000077e4      0x7c4 .\ARM_GCC_473\Debug\USB_UART01.a(cyfitter_cfg.o)
 .rodata        0x00007fa8       0x14 .\ARM_GCC_473\Debug\USB_UART01.a(USBUART_1_std.o)
 .rodata        0x00007fbc      0x1cc .\ARM_GCC_473\Debug\USB_UART01.a(USBUART_1_descr.o)
                0x00007fbc                USBUART_1_DEVICE0_DESCR
                0x00007fd0                USBUART_1_DEVICE0_CONFIGURATION0_DESCR
                0x00008014                USBUART_1_STRING_DESCRIPTORS
                0x000080b4                USBUART_1_SN_STRING_DESCRIPTOR
                0x000080b8                USBUART_1_HIDREPORT_DESCRIPTOR1
                0x000080f0                USBUART_1_DEVICE0_CONFIGURATION0_EP_SETTINGS_TABLE
                0x00008108                USBUART_1_DEVICE0_CONFIGURATION0_INTERFACE_CLASS
                0x0000810c                USBUART_1_DEVICE0_CONFIGURATION0_TABLE
                0x00008134                USBUART_1_DEVICE0_TABLE
                0x00008144                USBUART_1_TABLE
                0x0000814c                USBUART_1_MSOS_DESCRIPTOR
                0x00008160                USBUART_1_MSOS_CONFIGURATION_DESCR
 .rodata.str1.1
                0x00008188        0x2 c:/program files (x86)/cypress/psoc creator/3.0/psoc creator/import/gnu_cs/arm/4.7.3/bin/../lib/gcc/arm-none-eabi/4.7.3/../../../../arm-none-eabi/lib/armv7-m\libc_s.a(lib_a-impure.o)
 .rodata.str1.1
                0x0000818a       0x11 c:/program files (x86)/cypress/psoc creator/3.0/psoc creator/import/gnu_cs/arm/4.7.3/bin/../lib/gcc/arm-none-eabi/4.7.3/../../../../arm-none-eabi/lib/armv7-m\libc_s.a(lib_a-svfprintf.o)
 .rodata.str1.1
                0x0000819b       0x10 c:/program files (x86)/cypress/psoc creator/3.0/psoc creator/import/gnu_cs/arm/4.7.3/bin/../lib/gcc/arm-none-eabi/4.7.3/../../../../arm-none-eabi/lib/armv7-m\libc_s.a(lib_a-vfprintf_float.o)
 .rodata.str1.1
                0x000081ab       0x22 c:/program files (x86)/cypress/psoc creator/3.0/psoc creator/import/gnu_cs/arm/4.7.3/bin/../lib/gcc/arm-none-eabi/4.7.3/../../../../arm-none-eabi/lib/armv7-m\libc_s.a(lib_a-vfprintf_i.o)
 .rodata.str1.1
                0x000081cd        0xf c:/program files (x86)/cypress/psoc creator/3.0/psoc creator/import/gnu_cs/arm/4.7.3/bin/../lib/gcc/arm-none-eabi/4.7.3/../../../../arm-none-eabi/lib/armv7-m\libc_s.a(lib_a-dtoa.o)
 .rodata.str1.1
                0x000081dc        0x8 c:/program files (x86)/cypress/psoc creator/3.0/psoc creator/import/gnu_cs/arm/4.7.3/bin/../lib/gcc/arm-none-eabi/4.7.3/../../../../arm-none-eabi/lib/armv7-m\libc_s.a(lib_a-locale.o)
                                  0xb (size before relaxing)
 *fill*         0x000081e4        0x4 00
 .rodata.__mprec_tens
                0x000081e8       0xc8 c:/program files (x86)/cypress/psoc creator/3.0/psoc creator/import/gnu_cs/arm/4.7.3/bin/../lib/gcc/arm-none-eabi/4.7.3/../../../../arm-none-eabi/lib/armv7-m\libc_s.a(lib_a-mprec.o)
                0x000081e8                __mprec_tens
 .rodata.p05.5252
                0x000082b0        0xc c:/program files (x86)/cypress/psoc creator/3.0/psoc creator/import/gnu_cs/arm/4.7.3/bin/../lib/gcc/arm-none-eabi/4.7.3/../../../../arm-none-eabi/lib/armv7-m\libc_s.a(lib_a-mprec.o)
 *fill*         0x000082bc        0x4 00
 .rodata.__mprec_bigtens
                0x000082c0       0x28 c:/program files (x86)/cypress/psoc creator/3.0/psoc creator/import/gnu_cs/arm/4.7.3/bin/../lib/gcc/arm-none-eabi/4.7.3/../../../../arm-none-eabi/lib/armv7-m\libc_s.a(lib_a-mprec.o)
                0x000082c0                __mprec_bigtens
                0x000082e8                . = ALIGN (0x4)
 *(.init)
 .init          0x000082e8        0x4 c:/program files (x86)/cypress/psoc creator/3.0/psoc creator/import/gnu_cs/arm/4.7.3/bin/../lib/gcc/arm-none-eabi/4.7.3/armv7-m/crti.o
                0x000082e8                _init
 .init          0x000082ec        0x8 c:/program files (x86)/cypress/psoc creator/3.0/psoc creator/import/gnu_cs/arm/4.7.3/bin/../lib/gcc/arm-none-eabi/4.7.3/armv7-m/crtn.o
                0x000082f4                . = ALIGN (0x4)
                0x000082f4                __preinit_array_start = .
 *(.preinit_array)
                0x000082f4                __preinit_array_end = .
                0x000082f4                . = ALIGN (0x4)
                0x000082f4                __init_array_start = .
 *(SORT(.init_array.*))
 *(.init_array)
 .init_array    0x000082f4        0x4 c:/program files (x86)/cypress/psoc creator/3.0/psoc creator/import/gnu_cs/arm/4.7.3/bin/../lib/gcc/arm-none-eabi/4.7.3/armv7-m/crtbegin.o
 .init_array    0x000082f8        0x4 .\ARM_GCC_473\Debug\Cm3Start.o
                0x000082fc                __init_array_end = .
                0x000082fc                . = ALIGN (0x4)
 *(.fini)
 .fini          0x000082fc        0x4 c:/program files (x86)/cypress/psoc creator/3.0/psoc creator/import/gnu_cs/arm/4.7.3/bin/../lib/gcc/arm-none-eabi/4.7.3/armv7-m/crti.o
                0x000082fc                _fini
 .fini          0x00008300        0x8 c:/program files (x86)/cypress/psoc creator/3.0/psoc creator/import/gnu_cs/arm/4.7.3/bin/../lib/gcc/arm-none-eabi/4.7.3/armv7-m/crtn.o
                0x00008308                . = ALIGN (0x4)
                0x00008308                __fini_array_start = .
 *(.fini_array)
 .fini_array    0x00008308        0x4 c:/program files (x86)/cypress/psoc creator/3.0/psoc creator/import/gnu_cs/arm/4.7.3/bin/../lib/gcc/arm-none-eabi/4.7.3/armv7-m/crtbegin.o
 *(SORT(.fini_array.*))
                0x0000830c                __fini_array_end = .
                0x0000830c                . = ALIGN (0x4)
 *crtbegin.o(.ctors)
 *(EXCLUDE_FILE(*crtend.o) .ctors)
 *(SORT(.ctors.*))
 *crtend.o(.ctors)
                0x0000830c                . = ALIGN (0x4)
 *crtbegin.o(.dtors)
 *(EXCLUDE_FILE(*crtend.o) .dtors)
 *(SORT(.dtors.*))
 *crtend.o(.dtors)
                0x0000830c                . = ALIGN (0x4)
                0x0000830c                __cy_regions = .
                0x0000830c        0x4 LONG 0x8320 __cy_region_init_ram
                0x00008310        0x4 LONG 0x1fff8108 __cy_region_start_data
                0x00008314        0x4 LONG 0xd8 __cy_region_init_size_ram
                0x00008318        0x4 LONG 0x198 __cy_region_zero_size_ram
                0x0000831c                __cy_regions_end = .
                0x00008320                . = ALIGN (0x8)
 *fill*         0x0000831c        0x4 00
                0x00008320                _etext = .

.ramvectors     0x1fff8000      0x100
                0x1fff8000                __cy_region_start_ram = .
 *(.ramvectors)
 .ramvectors    0x1fff8000      0x100 .\ARM_GCC_473\Debug\Cm3Start.o
                0x1fff8000                CyRamVectors

.noinit         0x1fff8100        0x5
 *(.noinit)
 .noinit        0x1fff8100        0x4 .\ARM_GCC_473\Debug\Cm3Start.o
 .noinit        0x1fff8104        0x1 .\ARM_GCC_473\Debug\USB_UART01.a(CyLib.o)
                0x1fff8104                CyResetStatus

.data           0x1fff8108       0xd8 load address 0x00008320
                0x1fff8108                __cy_region_start_data = .
 *(.jcr)
 .jcr           0x1fff8108        0x0 c:/program files (x86)/cypress/psoc creator/3.0/psoc creator/import/gnu_cs/arm/4.7.3/bin/../lib/gcc/arm-none-eabi/4.7.3/armv7-m/crtbegin.o
 .jcr           0x1fff8108        0x4 c:/program files (x86)/cypress/psoc creator/3.0/psoc creator/import/gnu_cs/arm/4.7.3/bin/../lib/gcc/arm-none-eabi/4.7.3/armv7-m/crtend.o
 *(.got.plt)
 *(.got)
 *(.shdata)
 *(.data .data.* .gnu.linkonce.d.*)
 .data          0x1fff810c       0x20 .\ARM_GCC_473\Debug\main.o
                0x1fff810c                parity
                0x1fff8120                stop
 .data          0x1fff812c       0x10 .\ARM_GCC_473\Debug\USB_UART01.a(CyLib.o)
                0x1fff812c                cydelay_freq_hz
                0x1fff8130                cydelay_freq_khz
                0x1fff8134                cydelay_freq_mhz
                0x1fff8138                cydelay_32k_ms
 .data.impure_data
                0x1fff813c       0x64 c:/program files (x86)/cypress/psoc creator/3.0/psoc creator/import/gnu_cs/arm/4.7.3/bin/../lib/gcc/arm-none-eabi/4.7.3/../../../../arm-none-eabi/lib/armv7-m\libc_s.a(lib_a-impure.o)
 .data._impure_ptr
                0x1fff81a0        0x4 c:/program files (x86)/cypress/psoc creator/3.0/psoc creator/import/gnu_cs/arm/4.7.3/bin/../lib/gcc/arm-none-eabi/4.7.3/../../../../arm-none-eabi/lib/armv7-m\libc_s.a(lib_a-impure.o)
                0x1fff81a0                _impure_ptr
 .data.lconv    0x1fff81a4       0x38 c:/program files (x86)/cypress/psoc creator/3.0/psoc creator/import/gnu_cs/arm/4.7.3/bin/../lib/gcc/arm-none-eabi/4.7.3/../../../../arm-none-eabi/lib/armv7-m\libc_s.a(lib_a-locale.o)
                0x1fff81e0                . = ALIGN (0x8)
 *fill*         0x1fff81dc        0x4 00
 *(.ram)
                0x1fff81e0                _edata = .

.igot.plt       0x1fff81e0        0x0 load address 0x000083f8
 .igot.plt      0x00000000        0x0 c:/program files (x86)/cypress/psoc creator/3.0/psoc creator/import/gnu_cs/arm/4.7.3/bin/../lib/gcc/arm-none-eabi/4.7.3/armv7-m/crtbegin.o

.bss            0x1fff81e0      0x198 load address 0x000083f8
                0x1fff81e0                PROVIDE (__bss_start__, .)
 *(.shbss)
 *(.bss .bss.* .gnu.linkonce.b.*)
 .bss           0x1fff81e0       0x1c c:/program files (x86)/cypress/psoc creator/3.0/psoc creator/import/gnu_cs/arm/4.7.3/bin/../lib/gcc/arm-none-eabi/4.7.3/armv7-m/crtbegin.o
 .bss           0x1fff81fc        0x1 .\ARM_GCC_473\Debug\USB_UART01.a(USBUART_1.o)
                0x1fff81fc                USBUART_1_initVar
 *fill*         0x1fff81fd        0x3 00
 .bss           0x1fff8200        0x4 .\ARM_GCC_473\Debug\USB_UART01.a(USBUART_1_std.o)
 .bss           0x1fff8204        0x2 .\ARM_GCC_473\Debug\USB_UART01.a(LCD.o)
                0x1fff8204                LCD_enableState
                0x1fff8205                LCD_initVar
 .bss           0x1fff8206        0x1 .\ARM_GCC_473\Debug\USB_UART01.a(VDAC8_x.o)
                0x1fff8206                VDAC8_x_initVar
 .bss           0x1fff8207        0x1 .\ARM_GCC_473\Debug\USB_UART01.a(Opamp_y.o)
                0x1fff8207                Opamp_y_initVar
 .bss           0x1fff8208        0x1 .\ARM_GCC_473\Debug\USB_UART01.a(Opamp_x.o)
                0x1fff8208                Opamp_x_initVar
 .bss           0x1fff8209        0x1 .\ARM_GCC_473\Debug\USB_UART01.a(VDAC8_y.o)
                0x1fff8209                VDAC8_y_initVar
 .bss           0x1fff820a        0x1 .\ARM_GCC_473\Debug\USB_UART01.a(Poll_Timer.o)
                0x1fff820a                Poll_Timer_initVar
 .bss           0x1fff820b        0x1 .\ARM_GCC_473\Debug\USB_UART01.a(Fire_Timer.o)
                0x1fff820b                Fire_Timer_initVar
 .bss.__malloc_free_list
                0x1fff820c        0x4 c:/program files (x86)/cypress/psoc creator/3.0/psoc creator/import/gnu_cs/arm/4.7.3/bin/../lib/gcc/arm-none-eabi/4.7.3/../../../../arm-none-eabi/lib/armv7-m\libc_s.a(lib_a-mallocr.o)
                0x1fff820c                __malloc_free_list
 .bss.heap_end.4231
                0x1fff8210        0x4 c:/program files (x86)/cypress/psoc creator/3.0/psoc creator/import/gnu_cs/arm/4.7.3/bin/../lib/gcc/arm-none-eabi/4.7.3/../../../../arm-none-eabi/lib/armv7-m\libnosys.a(sbrk.o)
 *(COMMON)
 COMMON         0x1fff8214       0x85 .\ARM_GCC_473\Debug\main.o
                0x1fff8214                interp_y
                0x1fff821d                interp_Mode
                0x1fff8220                interp_x
                0x1fff8229                std_index
                0x1fff822c                pt_x
                0x1fff8234                lineStr
                0x1fff8248                buffer
                0x1fff827a                interp_index
                0x1fff827b                isInterpolated
                0x1fff827c                count
                0x1fff8280                pt_y
                0x1fff8288                ls
                0x1fff8290                interp_ls
 *fill*         0x1fff8299        0x3 00
 COMMON         0x1fff829c        0xc .\ARM_GCC_473\Debug\USB_UART01.a(USBUART_1_cdc.o)
                0x1fff829c                USBUART_1_cdc_data_out_ep
                0x1fff829d                USBUART_1_cdc_data_in_ep
                0x1fff829e                USBUART_1_lineControlBitmap
                0x1fff82a0                USBUART_1_lineCoding
                0x1fff82a7                USBUART_1_lineChanged
 COMMON         0x1fff82a8       0x97 .\ARM_GCC_473\Debug\USB_UART01.a(USBUART_1_drv.o)
                0x1fff82a8                USBUART_1_ep0Mode
                0x1fff82a9                USBUART_1_lastPacketSize
                0x1fff82aa                USBUART_1_configurationChanged
                0x1fff82ab                USBUART_1_configuration
                0x1fff82ac                USBUART_1_interfaceNumber
                0x1fff82ad                USBUART_1_deviceStatus
                0x1fff82ae                USBUART_1_ep0Toggle
                0x1fff82b0                USBUART_1_interfaceClass
                0x1fff82b4                USBUART_1_interfaceSetting
                0x1fff82b8                USBUART_1_currentTD
                0x1fff82c4                USBUART_1_ep0Count
                0x1fff82c8                USBUART_1_EP
                0x1fff8334                USBUART_1_interfaceSetting_last
                0x1fff8336                USBUART_1_transferByteCount
                0x1fff8338                USBUART_1_transferState
                0x1fff8339                USBUART_1_device
                0x1fff833c                USBUART_1_interfaceStatus
                0x1fff833e                USBUART_1_deviceAddress
 *fill*         0x1fff833f        0x1 00
 COMMON         0x1fff8340        0xa .\ARM_GCC_473\Debug\USB_UART01.a(USBUART_1_hid.o)
                0x1fff8340                USBUART_1_hidProtocol
                0x1fff8344                USBUART_1_hidIdleTimer
                0x1fff8348                USBUART_1_hidIdleRate
 *fill*         0x1fff834a        0x2 00
 COMMON         0x1fff834c       0x22 .\ARM_GCC_473\Debug\USB_UART01.a(USBUART_1_descr.o)
                0x1fff834c                USBUART_1_idSerialNumberStringDescriptor
 *fill*         0x1fff836e        0x2 00
 COMMON         0x1fff8370        0x4 c:/program files (x86)/cypress/psoc creator/3.0/psoc creator/import/gnu_cs/arm/4.7.3/bin/../lib/gcc/arm-none-eabi/4.7.3/../../../../arm-none-eabi/lib/armv7-m\libc_s.a(lib_a-reent.o)
                0x1fff8370                errno
                0x1fff8378                . = ALIGN (0x8)
 *fill*         0x1fff8374        0x4 00
 *(.ram.b)
                0x1fff8378                _end = .
                0x1fff8378                __end = .
                0x1fff8378                PROVIDE (end, .)
                0x1fff8378                PROVIDE (__bss_end__, .)
                0x00008320                __cy_region_init_ram = LOADADDR (.data)
                0x000000d8                __cy_region_init_size_ram = (_edata - ADDR (.data))
                0x00000198                __cy_region_zero_size_ram = (_end - _edata)

.heap           0x1fff8378     0x1000 load address 0x000083f8
                0x1fff8378                . = _end
                0x1fff9378                . = (. + 0x1000)
 *fill*         0x1fff8378     0x1000 00
                0x1fff9378                __cy_heap_limit = .

.stack          0x20004000     0x4000
                0x20004000                __cy_stack_limit = .
                0x20008000                . = (. + 0x4000)
 *fill*         0x20004000     0x4000 00
                0x00000001                ASSERT ((__cy_stack_limit >= __cy_heap_limit), region RAM overflowed with stack)

.cyloadermeta
 *(.cyloadermeta)

.cyloadablemeta
 *(.cyloadablemeta)

.cyconfigecc    0x80000000        0x4
 *(.cyconfigecc)
 .cyconfigecc   0x80000000        0x4 .\ARM_GCC_473\Debug\cymetadata.o
                0x80000000                cy_meta_configecc

.cycustnvl      0x90000000        0x4
 *(.cycustnvl)
 .cycustnvl     0x90000000        0x4 .\ARM_GCC_473\Debug\cymetadata.o
                0x90000000                cy_meta_custnvl

.cywolatch      0x90100000        0x4
 *(.cywolatch)
 .cywolatch     0x90100000        0x4 .\ARM_GCC_473\Debug\cymetadata.o
                0x90100000                cy_meta_wonvl

.cyeeprom       0x90200000        0x0
 *(.cyeeprom)
                0x00000001                ASSERT ((. <= ((0x90200000 + ee_offset) + ee_size)), .cyeeprom data will not fit in EEPROM)

.cyflashprotect
                0x90400000      0x100
 *(.cyflashprotect)
 .cyflashprotect
                0x90400000      0x100 .\ARM_GCC_473\Debug\cymetadata.o
                0x90400000                cy_meta_flashprotect

.cymeta         0x90500000        0xc
 *(.cymeta)
 .cymeta        0x90500000        0xc .\ARM_GCC_473\Debug\cymetadata.o
                0x90500000                cy_metadata

.rel.dyn        0x000083f8        0x0 load address 0x9050000c
 .rel.iplt      0x00000000        0x0 c:/program files (x86)/cypress/psoc creator/3.0/psoc creator/import/gnu_cs/arm/4.7.3/bin/../lib/gcc/arm-none-eabi/4.7.3/armv7-m/crtbegin.o

.stab
 *(.stab)

.stabstr
 *(.stabstr)

.debug
 *(.debug)

.line
 *(.line)

.debug_srcinfo
 *(.debug_srcinfo)

.debug_sfnames
 *(.debug_sfnames)

.debug_aranges  0x00000000      0xca0
 *(.debug_aranges)
 .debug_aranges
                0x00000000       0x38 .\ARM_GCC_473\Debug\main.o
 .debug_aranges
                0x00000038       0x18 .\ARM_GCC_473\Debug\cymetadata.o
 .debug_aranges
                0x00000050       0x40 .\ARM_GCC_473\Debug\Cm3Start.o
 .debug_aranges
                0x00000090       0x60 .\ARM_GCC_473\Debug\USB_UART01.a(cyfitter_cfg.o)
 .debug_aranges
                0x000000f0       0xb0 .\ARM_GCC_473\Debug\USB_UART01.a(USBUART_1.o)
 .debug_aranges
                0x000001a0       0xb0 .\ARM_GCC_473\Debug\USB_UART01.a(USBUART_1_cdc.o)
 .debug_aranges
                0x00000250       0x98 .\ARM_GCC_473\Debug\USB_UART01.a(USBUART_1_drv.o)
 .debug_aranges
                0x000002e8       0x40 .\ARM_GCC_473\Debug\USB_UART01.a(USBUART_1_episr.o)
 .debug_aranges
                0x00000328       0x48 .\ARM_GCC_473\Debug\USB_UART01.a(USBUART_1_hid.o)
 .debug_aranges
                0x00000370       0x78 .\ARM_GCC_473\Debug\USB_UART01.a(USBUART_1_std.o)
 .debug_aranges
                0x000003e8       0x20 .\ARM_GCC_473\Debug\USB_UART01.a(USBUART_1_vnd.o)
 .debug_aranges
                0x00000408       0x90 .\ARM_GCC_473\Debug\USB_UART01.a(LCD.o)
 .debug_aranges
                0x00000498       0x20 .\ARM_GCC_473\Debug\USB_UART01.a(CyBootAsmGnu.o)
 .debug_aranges
                0x000004b8      0x218 .\ARM_GCC_473\Debug\USB_UART01.a(CyLib.o)
 .debug_aranges
                0x000006d0       0x90 .\ARM_GCC_473\Debug\USB_UART01.a(cyPm.o)
 .debug_aranges
                0x00000760       0x38 .\ARM_GCC_473\Debug\USB_UART01.a(laser_state.o)
 .debug_aranges
                0x00000798       0x58 .\ARM_GCC_473\Debug\USB_UART01.a(VDAC8_x.o)
 .debug_aranges
                0x000007f0       0x40 .\ARM_GCC_473\Debug\USB_UART01.a(Opamp_y.o)
 .debug_aranges
                0x00000830       0x40 .\ARM_GCC_473\Debug\USB_UART01.a(Opamp_x.o)
 .debug_aranges
                0x00000870       0x58 .\ARM_GCC_473\Debug\USB_UART01.a(VDAC8_y.o)
 .debug_aranges
                0x000008c8       0x80 .\ARM_GCC_473\Debug\USB_UART01.a(Poll_Interrupt.o)
 .debug_aranges
                0x00000948       0x90 .\ARM_GCC_473\Debug\USB_UART01.a(Poll_Timer.o)
 .debug_aranges
                0x000009d8       0x88 .\ARM_GCC_473\Debug\USB_UART01.a(Fire_Timer.o)
 .debug_aranges
                0x00000a60       0x80 .\ARM_GCC_473\Debug\USB_UART01.a(Fire_Interrupt.o)
 .debug_aranges
                0x00000ae0       0x80 .\ARM_GCC_473\Debug\USB_UART01.a(Mode_Interrupt.o)
 .debug_aranges
                0x00000b60       0x20 .\ARM_GCC_473\Debug\USB_UART01.a(USBUART_1_cls.o)
 .debug_aranges
                0x00000b80       0x18 .\ARM_GCC_473\Debug\USB_UART01.a(USBUART_1_descr.o)
 .debug_aranges
                0x00000b98       0x80 .\ARM_GCC_473\Debug\USB_UART01.a(CyFlash.o)
 .debug_aranges
                0x00000c18       0x68 .\ARM_GCC_473\Debug\USB_UART01.a(CySpc.o)
 .debug_aranges
                0x00000c80       0x20 .\ARM_GCC_473\Debug\USB_UART01.a(cyutils.o)

.debug_pubnames
 *(.debug_pubnames)

.debug_info     0x00000000     0x6508
 *(.debug_info .gnu.linkonce.wi.*)
 .debug_info    0x00000000      0x2d9 .\ARM_GCC_473\Debug\main.o
 .debug_info    0x000002d9      0x13e .\ARM_GCC_473\Debug\cymetadata.o
 .debug_info    0x00000417      0x2ea .\ARM_GCC_473\Debug\Cm3Start.o
 .debug_info    0x00000701      0x4bb .\ARM_GCC_473\Debug\USB_UART01.a(cyfitter_cfg.o)
 .debug_info    0x00000bbc      0x68b .\ARM_GCC_473\Debug\USB_UART01.a(USBUART_1.o)
 .debug_info    0x00001247      0x5f7 .\ARM_GCC_473\Debug\USB_UART01.a(USBUART_1_cdc.o)
 .debug_info    0x0000183e      0x56e .\ARM_GCC_473\Debug\USB_UART01.a(USBUART_1_drv.o)
 .debug_info    0x00001dac      0x1d6 .\ARM_GCC_473\Debug\USB_UART01.a(USBUART_1_episr.o)
 .debug_info    0x00001f82      0x386 .\ARM_GCC_473\Debug\USB_UART01.a(USBUART_1_hid.o)
 .debug_info    0x00002308      0x83f .\ARM_GCC_473\Debug\USB_UART01.a(USBUART_1_std.o)
 .debug_info    0x00002b47      0x18d .\ARM_GCC_473\Debug\USB_UART01.a(USBUART_1_vnd.o)
 .debug_info    0x00002cd4      0x3d2 .\ARM_GCC_473\Debug\USB_UART01.a(LCD.o)
 .debug_info    0x000030a6       0xcf .\ARM_GCC_473\Debug\USB_UART01.a(CyBootAsmGnu.o)
 .debug_info    0x00003175      0xcd7 .\ARM_GCC_473\Debug\USB_UART01.a(CyLib.o)
 .debug_info    0x00003e4c      0x5c3 .\ARM_GCC_473\Debug\USB_UART01.a(cyPm.o)
 .debug_info    0x0000440f      0x134 .\ARM_GCC_473\Debug\USB_UART01.a(laser_state.o)
 .debug_info    0x00004543      0x1b0 .\ARM_GCC_473\Debug\USB_UART01.a(VDAC8_x.o)
 .debug_info    0x000046f3      0x13a .\ARM_GCC_473\Debug\USB_UART01.a(Opamp_y.o)
 .debug_info    0x0000482d      0x13a .\ARM_GCC_473\Debug\USB_UART01.a(Opamp_x.o)
 .debug_info    0x00004967      0x1b0 .\ARM_GCC_473\Debug\USB_UART01.a(VDAC8_y.o)
 .debug_info    0x00004b17      0x278 .\ARM_GCC_473\Debug\USB_UART01.a(Poll_Interrupt.o)
 .debug_info    0x00004d8f      0x2a0 .\ARM_GCC_473\Debug\USB_UART01.a(Poll_Timer.o)
 .debug_info    0x0000502f      0x285 .\ARM_GCC_473\Debug\USB_UART01.a(Fire_Timer.o)
 .debug_info    0x000052b4      0x278 .\ARM_GCC_473\Debug\USB_UART01.a(Fire_Interrupt.o)
 .debug_info    0x0000552c      0x278 .\ARM_GCC_473\Debug\USB_UART01.a(Mode_Interrupt.o)
 .debug_info    0x000057a4      0x1b9 .\ARM_GCC_473\Debug\USB_UART01.a(USBUART_1_cls.o)
 .debug_info    0x0000595d      0x310 .\ARM_GCC_473\Debug\USB_UART01.a(USBUART_1_descr.o)
 .debug_info    0x00005c6d      0x3cc .\ARM_GCC_473\Debug\USB_UART01.a(CyFlash.o)
 .debug_info    0x00006039      0x3d9 .\ARM_GCC_473\Debug\USB_UART01.a(CySpc.o)
 .debug_info    0x00006412       0xf6 .\ARM_GCC_473\Debug\USB_UART01.a(cyutils.o)

.debug_abbrev   0x00000000     0x2093
 *(.debug_abbrev)
 .debug_abbrev  0x00000000       0xff .\ARM_GCC_473\Debug\main.o
 .debug_abbrev  0x000000ff       0x5d .\ARM_GCC_473\Debug\cymetadata.o
 .debug_abbrev  0x0000015c      0x175 .\ARM_GCC_473\Debug\Cm3Start.o
 .debug_abbrev  0x000002d1      0x192 .\ARM_GCC_473\Debug\USB_UART01.a(cyfitter_cfg.o)
 .debug_abbrev  0x00000463      0x1b4 .\ARM_GCC_473\Debug\USB_UART01.a(USBUART_1.o)
 .debug_abbrev  0x00000617      0x1d0 .\ARM_GCC_473\Debug\USB_UART01.a(USBUART_1_cdc.o)
 .debug_abbrev  0x000007e7      0x16e .\ARM_GCC_473\Debug\USB_UART01.a(USBUART_1_drv.o)
 .debug_abbrev  0x00000955       0xc7 .\ARM_GCC_473\Debug\USB_UART01.a(USBUART_1_episr.o)
 .debug_abbrev  0x00000a1c      0x153 .\ARM_GCC_473\Debug\USB_UART01.a(USBUART_1_hid.o)
 .debug_abbrev  0x00000b6f      0x1a1 .\ARM_GCC_473\Debug\USB_UART01.a(USBUART_1_std.o)
 .debug_abbrev  0x00000d10       0xba .\ARM_GCC_473\Debug\USB_UART01.a(USBUART_1_vnd.o)
 .debug_abbrev  0x00000dca      0x122 .\ARM_GCC_473\Debug\USB_UART01.a(LCD.o)
 .debug_abbrev  0x00000eec       0x14 .\ARM_GCC_473\Debug\USB_UART01.a(CyBootAsmGnu.o)
 .debug_abbrev  0x00000f00      0x207 .\ARM_GCC_473\Debug\USB_UART01.a(CyLib.o)
 .debug_abbrev  0x00001107      0x170 .\ARM_GCC_473\Debug\USB_UART01.a(cyPm.o)
 .debug_abbrev  0x00001277       0x92 .\ARM_GCC_473\Debug\USB_UART01.a(laser_state.o)
 .debug_abbrev  0x00001309       0xed .\ARM_GCC_473\Debug\USB_UART01.a(VDAC8_x.o)
 .debug_abbrev  0x000013f6       0xaa .\ARM_GCC_473\Debug\USB_UART01.a(Opamp_y.o)
 .debug_abbrev  0x000014a0       0xaa .\ARM_GCC_473\Debug\USB_UART01.a(Opamp_x.o)
 .debug_abbrev  0x0000154a       0xed .\ARM_GCC_473\Debug\USB_UART01.a(VDAC8_y.o)
 .debug_abbrev  0x00001637      0x12d .\ARM_GCC_473\Debug\USB_UART01.a(Poll_Interrupt.o)
 .debug_abbrev  0x00001764      0x137 .\ARM_GCC_473\Debug\USB_UART01.a(Poll_Timer.o)
 .debug_abbrev  0x0000189b       0xeb .\ARM_GCC_473\Debug\USB_UART01.a(Fire_Timer.o)
 .debug_abbrev  0x00001986      0x12d .\ARM_GCC_473\Debug\USB_UART01.a(Fire_Interrupt.o)
 .debug_abbrev  0x00001ab3      0x12d .\ARM_GCC_473\Debug\USB_UART01.a(Mode_Interrupt.o)
 .debug_abbrev  0x00001be0       0xba .\ARM_GCC_473\Debug\USB_UART01.a(USBUART_1_cls.o)
 .debug_abbrev  0x00001c9a       0xa7 .\ARM_GCC_473\Debug\USB_UART01.a(USBUART_1_descr.o)
 .debug_abbrev  0x00001d41      0x172 .\ARM_GCC_473\Debug\USB_UART01.a(CyFlash.o)
 .debug_abbrev  0x00001eb3      0x15f .\ARM_GCC_473\Debug\USB_UART01.a(CySpc.o)
 .debug_abbrev  0x00002012       0x81 .\ARM_GCC_473\Debug\USB_UART01.a(cyutils.o)

.debug_line     0x00000000     0x3111
 *(.debug_line)
 .debug_line    0x00000000      0x230 .\ARM_GCC_473\Debug\main.o
 .debug_line    0x00000230       0x53 .\ARM_GCC_473\Debug\cymetadata.o
 .debug_line    0x00000283      0x1b0 .\ARM_GCC_473\Debug\Cm3Start.o
 .debug_line    0x00000433      0x200 .\ARM_GCC_473\Debug\USB_UART01.a(cyfitter_cfg.o)
 .debug_line    0x00000633      0x2ca .\ARM_GCC_473\Debug\USB_UART01.a(USBUART_1.o)
 .debug_line    0x000008fd      0x22e .\ARM_GCC_473\Debug\USB_UART01.a(USBUART_1_cdc.o)
 .debug_line    0x00000b2b      0x226 .\ARM_GCC_473\Debug\USB_UART01.a(USBUART_1_drv.o)
 .debug_line    0x00000d51       0xeb .\ARM_GCC_473\Debug\USB_UART01.a(USBUART_1_episr.o)
 .debug_line    0x00000e3c      0x18b .\ARM_GCC_473\Debug\USB_UART01.a(USBUART_1_hid.o)
 .debug_line    0x00000fc7      0x41c .\ARM_GCC_473\Debug\USB_UART01.a(USBUART_1_std.o)
 .debug_line    0x000013e3       0x91 .\ARM_GCC_473\Debug\USB_UART01.a(USBUART_1_vnd.o)
 .debug_line    0x00001474      0x1f9 .\ARM_GCC_473\Debug\USB_UART01.a(LCD.o)
 .debug_line    0x0000166d       0x7f .\ARM_GCC_473\Debug\USB_UART01.a(CyBootAsmGnu.o)
 .debug_line    0x000016ec      0x73b .\ARM_GCC_473\Debug\USB_UART01.a(CyLib.o)
 .debug_line    0x00001e27      0x347 .\ARM_GCC_473\Debug\USB_UART01.a(cyPm.o)
 .debug_line    0x0000216e       0x9c .\ARM_GCC_473\Debug\USB_UART01.a(laser_state.o)
 .debug_line    0x0000220a       0xf4 .\ARM_GCC_473\Debug\USB_UART01.a(VDAC8_x.o)
 .debug_line    0x000022fe       0xb2 .\ARM_GCC_473\Debug\USB_UART01.a(Opamp_y.o)
 .debug_line    0x000023b0       0xb2 .\ARM_GCC_473\Debug\USB_UART01.a(Opamp_x.o)
 .debug_line    0x00002462       0xf4 .\ARM_GCC_473\Debug\USB_UART01.a(VDAC8_y.o)
 .debug_line    0x00002556      0x159 .\ARM_GCC_473\Debug\USB_UART01.a(Poll_Interrupt.o)
 .debug_line    0x000026af      0x179 .\ARM_GCC_473\Debug\USB_UART01.a(Poll_Timer.o)
 .debug_line    0x00002828      0x164 .\ARM_GCC_473\Debug\USB_UART01.a(Fire_Timer.o)
 .debug_line    0x0000298c      0x159 .\ARM_GCC_473\Debug\USB_UART01.a(Fire_Interrupt.o)
 .debug_line    0x00002ae5      0x149 .\ARM_GCC_473\Debug\USB_UART01.a(Mode_Interrupt.o)
 .debug_line    0x00002c2e       0x9d .\ARM_GCC_473\Debug\USB_UART01.a(USBUART_1_cls.o)
 .debug_line    0x00002ccb       0x67 .\ARM_GCC_473\Debug\USB_UART01.a(USBUART_1_descr.o)
 .debug_line    0x00002d32      0x1d4 .\ARM_GCC_473\Debug\USB_UART01.a(CyFlash.o)
 .debug_line    0x00002f06      0x1a7 .\ARM_GCC_473\Debug\USB_UART01.a(CySpc.o)
 .debug_line    0x000030ad       0x64 .\ARM_GCC_473\Debug\USB_UART01.a(cyutils.o)

.debug_frame    0x00000000     0x2de8
 *(.debug_frame)
 .debug_frame   0x00000000       0x94 .\ARM_GCC_473\Debug\main.o
 .debug_frame   0x00000094       0xa4 .\ARM_GCC_473\Debug\Cm3Start.o
 .debug_frame   0x00000138      0x120 .\ARM_GCC_473\Debug\USB_UART01.a(cyfitter_cfg.o)
 .debug_frame   0x00000258      0x238 .\ARM_GCC_473\Debug\USB_UART01.a(USBUART_1.o)
 .debug_frame   0x00000490      0x248 .\ARM_GCC_473\Debug\USB_UART01.a(USBUART_1_cdc.o)
 .debug_frame   0x000006d8      0x1e0 .\ARM_GCC_473\Debug\USB_UART01.a(USBUART_1_drv.o)
 .debug_frame   0x000008b8       0x9c .\ARM_GCC_473\Debug\USB_UART01.a(USBUART_1_episr.o)
 .debug_frame   0x00000954       0xc8 .\ARM_GCC_473\Debug\USB_UART01.a(USBUART_1_hid.o)
 .debug_frame   0x00000a1c      0x180 .\ARM_GCC_473\Debug\USB_UART01.a(USBUART_1_std.o)
 .debug_frame   0x00000b9c       0x30 .\ARM_GCC_473\Debug\USB_UART01.a(USBUART_1_vnd.o)
 .debug_frame   0x00000bcc      0x1e0 .\ARM_GCC_473\Debug\USB_UART01.a(LCD.o)
 .debug_frame   0x00000dac      0x778 .\ARM_GCC_473\Debug\USB_UART01.a(CyLib.o)
 .debug_frame   0x00001524      0x1d0 .\ARM_GCC_473\Debug\USB_UART01.a(cyPm.o)
 .debug_frame   0x000016f4       0x80 .\ARM_GCC_473\Debug\USB_UART01.a(laser_state.o)
 .debug_frame   0x00001774       0xf4 .\ARM_GCC_473\Debug\USB_UART01.a(VDAC8_x.o)
 .debug_frame   0x00001868       0x9c .\ARM_GCC_473\Debug\USB_UART01.a(Opamp_y.o)
 .debug_frame   0x00001904       0x9c .\ARM_GCC_473\Debug\USB_UART01.a(Opamp_x.o)
 .debug_frame   0x000019a0       0xf4 .\ARM_GCC_473\Debug\USB_UART01.a(VDAC8_y.o)
 .debug_frame   0x00001a94      0x180 .\ARM_GCC_473\Debug\USB_UART01.a(Poll_Interrupt.o)
 .debug_frame   0x00001c14      0x1c0 .\ARM_GCC_473\Debug\USB_UART01.a(Poll_Timer.o)
 .debug_frame   0x00001dd4      0x198 .\ARM_GCC_473\Debug\USB_UART01.a(Fire_Timer.o)
 .debug_frame   0x00001f6c      0x180 .\ARM_GCC_473\Debug\USB_UART01.a(Fire_Interrupt.o)
 .debug_frame   0x000020ec      0x180 .\ARM_GCC_473\Debug\USB_UART01.a(Mode_Interrupt.o)
 .debug_frame   0x0000226c       0x30 .\ARM_GCC_473\Debug\USB_UART01.a(USBUART_1_cls.o)
 .debug_frame   0x0000229c      0x198 .\ARM_GCC_473\Debug\USB_UART01.a(CyFlash.o)
 .debug_frame   0x00002434      0x13c .\ARM_GCC_473\Debug\USB_UART01.a(CySpc.o)
 .debug_frame   0x00002570       0x2c .\ARM_GCC_473\Debug\USB_UART01.a(cyutils.o)
 .debug_frame   0x0000259c       0x28 c:/program files (x86)/cypress/psoc creator/3.0/psoc creator/import/gnu_cs/arm/4.7.3/bin/../lib/gcc/arm-none-eabi/4.7.3/../../../../arm-none-eabi/lib/armv7-m\libc_s.a(lib_a-__atexit2.o)
 .debug_frame   0x000025c4       0x28 c:/program files (x86)/cypress/psoc creator/3.0/psoc creator/import/gnu_cs/arm/4.7.3/bin/../lib/gcc/arm-none-eabi/4.7.3/../../../../arm-none-eabi/lib/armv7-m\libc_s.a(lib_a-exit.o)
 .debug_frame   0x000025ec       0x2c c:/program files (x86)/cypress/psoc creator/3.0/psoc creator/import/gnu_cs/arm/4.7.3/bin/../lib/gcc/arm-none-eabi/4.7.3/../../../../arm-none-eabi/lib/armv7-m\libc_s.a(lib_a-fini.o)
 .debug_frame   0x00002618       0x2c c:/program files (x86)/cypress/psoc creator/3.0/psoc creator/import/gnu_cs/arm/4.7.3/bin/../lib/gcc/arm-none-eabi/4.7.3/../../../../arm-none-eabi/lib/armv7-m\libc_s.a(lib_a-init.o)
 .debug_frame   0x00002644       0x28 c:/program files (x86)/cypress/psoc creator/3.0/psoc creator/import/gnu_cs/arm/4.7.3/bin/../lib/gcc/arm-none-eabi/4.7.3/../../../../arm-none-eabi/lib/armv7-m\libc_s.a(lib_a-memcpy.o)
 .debug_frame   0x0000266c       0x20 c:/program files (x86)/cypress/psoc creator/3.0/psoc creator/import/gnu_cs/arm/4.7.3/bin/../lib/gcc/arm-none-eabi/4.7.3/../../../../arm-none-eabi/lib/armv7-m\libc_s.a(lib_a-memset.o)
 .debug_frame   0x0000268c       0x58 c:/program files (x86)/cypress/psoc creator/3.0/psoc creator/import/gnu_cs/arm/4.7.3/bin/../lib/gcc/arm-none-eabi/4.7.3/../../../../arm-none-eabi/lib/armv7-m\libc_s.a(lib_a-sprintf.o)
 .debug_frame   0x000026e4       0x88 c:/program files (x86)/cypress/psoc creator/3.0/psoc creator/import/gnu_cs/arm/4.7.3/bin/../lib/gcc/arm-none-eabi/4.7.3/../../../../arm-none-eabi/lib/armv7-m\libc_s.a(lib_a-svfprintf.o)
 .debug_frame   0x0000276c       0x80 c:/program files (x86)/cypress/psoc creator/3.0/psoc creator/import/gnu_cs/arm/4.7.3/bin/../lib/gcc/arm-none-eabi/4.7.3/../../../../arm-none-eabi/lib/armv7-m\libc_s.a(lib_a-vfprintf_float.o)
 .debug_frame   0x000027ec       0x58 c:/program files (x86)/cypress/psoc creator/3.0/psoc creator/import/gnu_cs/arm/4.7.3/bin/../lib/gcc/arm-none-eabi/4.7.3/../../../../arm-none-eabi/lib/armv7-m\libc_s.a(lib_a-vfprintf_i.o)
 .debug_frame   0x00002844       0x68 c:/program files (x86)/cypress/psoc creator/3.0/psoc creator/import/gnu_cs/arm/4.7.3/bin/../lib/gcc/arm-none-eabi/4.7.3/../../../../arm-none-eabi/lib/armv7-m\libc_s.a(lib_a-dtoa.o)
 .debug_frame   0x000028ac       0x2c c:/program files (x86)/cypress/psoc creator/3.0/psoc creator/import/gnu_cs/arm/4.7.3/bin/../lib/gcc/arm-none-eabi/4.7.3/../../../../arm-none-eabi/lib/armv7-m\libc_s.a(lib_a-freer.o)
 .debug_frame   0x000028d8       0x98 c:/program files (x86)/cypress/psoc creator/3.0/psoc creator/import/gnu_cs/arm/4.7.3/bin/../lib/gcc/arm-none-eabi/4.7.3/../../../../arm-none-eabi/lib/armv7-m\libc_s.a(lib_a-locale.o)
 .debug_frame   0x00002970       0x30 c:/program files (x86)/cypress/psoc creator/3.0/psoc creator/import/gnu_cs/arm/4.7.3/bin/../lib/gcc/arm-none-eabi/4.7.3/../../../../arm-none-eabi/lib/armv7-m\libc_s.a(lib_a-malloc.o)
 .debug_frame   0x000029a0       0x2c c:/program files (x86)/cypress/psoc creator/3.0/psoc creator/import/gnu_cs/arm/4.7.3/bin/../lib/gcc/arm-none-eabi/4.7.3/../../../../arm-none-eabi/lib/armv7-m\libc_s.a(lib_a-mallocr.o)
 .debug_frame   0x000029cc       0x28 c:/program files (x86)/cypress/psoc creator/3.0/psoc creator/import/gnu_cs/arm/4.7.3/bin/../lib/gcc/arm-none-eabi/4.7.3/../../../../arm-none-eabi/lib/armv7-m\libc_s.a(lib_a-memchr.o)
 .debug_frame   0x000029f4       0x2c c:/program files (x86)/cypress/psoc creator/3.0/psoc creator/import/gnu_cs/arm/4.7.3/bin/../lib/gcc/arm-none-eabi/4.7.3/../../../../arm-none-eabi/lib/armv7-m\libc_s.a(lib_a-memmove.o)
 .debug_frame   0x00002a20      0x23c c:/program files (x86)/cypress/psoc creator/3.0/psoc creator/import/gnu_cs/arm/4.7.3/bin/../lib/gcc/arm-none-eabi/4.7.3/../../../../arm-none-eabi/lib/armv7-m\libc_s.a(lib_a-mprec.o)
 .debug_frame   0x00002c5c       0x30 c:/program files (x86)/cypress/psoc creator/3.0/psoc creator/import/gnu_cs/arm/4.7.3/bin/../lib/gcc/arm-none-eabi/4.7.3/../../../../arm-none-eabi/lib/armv7-m\libc_s.a(lib_a-reallocr.o)
 .debug_frame   0x00002c8c       0x20 c:/program files (x86)/cypress/psoc creator/3.0/psoc creator/import/gnu_cs/arm/4.7.3/bin/../lib/gcc/arm-none-eabi/4.7.3/../../../../arm-none-eabi/lib/armv7-m\libc_s.a(lib_a-s_fpclassify.o)
 .debug_frame   0x00002cac       0x2c c:/program files (x86)/cypress/psoc creator/3.0/psoc creator/import/gnu_cs/arm/4.7.3/bin/../lib/gcc/arm-none-eabi/4.7.3/../../../../arm-none-eabi/lib/armv7-m\libc_s.a(lib_a-sbrkr.o)
 .debug_frame   0x00002cd8       0x20 c:/program files (x86)/cypress/psoc creator/3.0/psoc creator/import/gnu_cs/arm/4.7.3/bin/../lib/gcc/arm-none-eabi/4.7.3/../../../../arm-none-eabi/lib/armv7-m\libc_s.a(lib_a-strcmp.o)
 .debug_frame   0x00002cf8       0x20 c:/program files (x86)/cypress/psoc creator/3.0/psoc creator/import/gnu_cs/arm/4.7.3/bin/../lib/gcc/arm-none-eabi/4.7.3/../../../../arm-none-eabi/lib/armv7-m\libc_s.a(lib_a-strlen.o)
 .debug_frame   0x00002d18       0x2c c:/program files (x86)/cypress/psoc creator/3.0/psoc creator/import/gnu_cs/arm/4.7.3/bin/../lib/gcc/arm-none-eabi/4.7.3/../../../../arm-none-eabi/lib/armv7-m\libc_s.a(lib_a-callocr.o)
 .debug_frame   0x00002d44       0x20 c:/program files (x86)/cypress/psoc creator/3.0/psoc creator/import/gnu_cs/arm/4.7.3/bin/../lib/gcc/arm-none-eabi/4.7.3/../../../../arm-none-eabi/lib/armv7-m\libc_s.a(lib_a-msizer.o)
 .debug_frame   0x00002d64       0x64 c:/program files (x86)/cypress/psoc creator/3.0/psoc creator/import/gnu_cs/arm/4.7.3/bin/../lib/gcc/arm-none-eabi/4.7.3/../../../../arm-none-eabi/lib/armv7-m\libc_s.a(lib_a-reent.o)
 .debug_frame   0x00002dc8       0x20 c:/program files (x86)/cypress/psoc creator/3.0/psoc creator/import/gnu_cs/arm/4.7.3/bin/../lib/gcc/arm-none-eabi/4.7.3/../../../../arm-none-eabi/lib/armv7-m\libnosys.a(sbrk.o)

.debug_str      0x00000000     0x2ca1
 *(.debug_str)
 .debug_str     0x00000000      0x1fe .\ARM_GCC_473\Debug\main.o
                                0x237 (size before relaxing)
 .debug_str     0x000001fe       0x77 .\ARM_GCC_473\Debug\cymetadata.o
                                0x1e4 (size before relaxing)
 .debug_str     0x00000275      0x113 .\ARM_GCC_473\Debug\Cm3Start.o
                                0x2a0 (size before relaxing)
 .debug_str     0x00000388      0x1cb .\ARM_GCC_473\Debug\USB_UART01.a(cyfitter_cfg.o)
                                0x37b (size before relaxing)
 .debug_str     0x00000553      0x390 .\ARM_GCC_473\Debug\USB_UART01.a(USBUART_1.o)
                                0x534 (size before relaxing)
 .debug_str     0x000008e3      0x2e6 .\ARM_GCC_473\Debug\USB_UART01.a(USBUART_1_cdc.o)
                                0x51b (size before relaxing)
 .debug_str     0x00000bc9      0x2c0 .\ARM_GCC_473\Debug\USB_UART01.a(USBUART_1_drv.o)
                                0x617 (size before relaxing)
 .debug_str     0x00000e89       0x8e .\ARM_GCC_473\Debug\USB_UART01.a(USBUART_1_episr.o)
                                0x27e (size before relaxing)
 .debug_str     0x00000f17      0x136 .\ARM_GCC_473\Debug\USB_UART01.a(USBUART_1_hid.o)
                                0x389 (size before relaxing)
 .debug_str     0x0000104d      0x2bf .\ARM_GCC_473\Debug\USB_UART01.a(USBUART_1_std.o)
                                0x697 (size before relaxing)
 .debug_str     0x0000130c       0x67 .\ARM_GCC_473\Debug\USB_UART01.a(USBUART_1_vnd.o)
                                0x257 (size before relaxing)
 .debug_str     0x00001373      0x155 .\ARM_GCC_473\Debug\USB_UART01.a(LCD.o)
                                0x2e6 (size before relaxing)
 .debug_str     0x000014c8      0x619 .\ARM_GCC_473\Debug\USB_UART01.a(CyLib.o)
                                0x806 (size before relaxing)
 .debug_str     0x00001ae1      0x371 .\ARM_GCC_473\Debug\USB_UART01.a(cyPm.o)
                                0x515 (size before relaxing)
 .debug_str     0x00001e52       0x86 .\ARM_GCC_473\Debug\USB_UART01.a(laser_state.o)
                                0x1fa (size before relaxing)
 .debug_str     0x00001ed8       0xb9 .\ARM_GCC_473\Debug\USB_UART01.a(VDAC8_x.o)
                                0x22d (size before relaxing)
 .debug_str     0x00001f91       0x81 .\ARM_GCC_473\Debug\USB_UART01.a(Opamp_y.o)
                                0x1f3 (size before relaxing)
 .debug_str     0x00002012       0x7b .\ARM_GCC_473\Debug\USB_UART01.a(Opamp_x.o)
                                0x1f3 (size before relaxing)
 .debug_str     0x0000208d       0xad .\ARM_GCC_473\Debug\USB_UART01.a(VDAC8_y.o)
                                0x22d (size before relaxing)
 .debug_str     0x0000213a      0x166 .\ARM_GCC_473\Debug\USB_UART01.a(Poll_Interrupt.o)
                                0x312 (size before relaxing)
 .debug_str     0x000022a0      0x1d7 .\ARM_GCC_473\Debug\USB_UART01.a(Poll_Timer.o)
                                0x356 (size before relaxing)
 .debug_str     0x00002477      0x18f .\ARM_GCC_473\Debug\USB_UART01.a(Fire_Timer.o)
                                0x333 (size before relaxing)
 .debug_str     0x00002606      0x166 .\ARM_GCC_473\Debug\USB_UART01.a(Fire_Interrupt.o)
                                0x312 (size before relaxing)
 .debug_str     0x0000276c      0x166 .\ARM_GCC_473\Debug\USB_UART01.a(Mode_Interrupt.o)
                                0x312 (size before relaxing)
 .debug_str     0x000028d2       0x45 .\ARM_GCC_473\Debug\USB_UART01.a(USBUART_1_cls.o)
                                0x26d (size before relaxing)
 .debug_str     0x00002917      0x115 .\ARM_GCC_473\Debug\USB_UART01.a(USBUART_1_descr.o)
                                0x3be (size before relaxing)
 .debug_str     0x00002a2c      0x141 .\ARM_GCC_473\Debug\USB_UART01.a(CyFlash.o)
                                0x2f3 (size before relaxing)
 .debug_str     0x00002b6d       0xfe .\ARM_GCC_473\Debug\USB_UART01.a(CySpc.o)
                                0x2b7 (size before relaxing)
 .debug_str     0x00002c6b       0x36 .\ARM_GCC_473\Debug\USB_UART01.a(cyutils.o)
                                0x1ac (size before relaxing)

.debug_loc      0x00000000     0x3e48
 *(.debug_loc)
 .debug_loc     0x00000000       0xc8 .\ARM_GCC_473\Debug\main.o
 .debug_loc     0x000000c8      0x100 .\ARM_GCC_473\Debug\Cm3Start.o
 .debug_loc     0x000001c8      0x1f8 .\ARM_GCC_473\Debug\USB_UART01.a(cyfitter_cfg.o)
 .debug_loc     0x000003c0      0x410 .\ARM_GCC_473\Debug\USB_UART01.a(USBUART_1.o)
 .debug_loc     0x000007d0      0x3d4 .\ARM_GCC_473\Debug\USB_UART01.a(USBUART_1_cdc.o)
 .debug_loc     0x00000ba4      0x314 .\ARM_GCC_473\Debug\USB_UART01.a(USBUART_1_drv.o)
 .debug_loc     0x00000eb8       0xdc .\ARM_GCC_473\Debug\USB_UART01.a(USBUART_1_episr.o)
 .debug_loc     0x00000f94      0x150 .\ARM_GCC_473\Debug\USB_UART01.a(USBUART_1_hid.o)
 .debug_loc     0x000010e4      0x294 .\ARM_GCC_473\Debug\USB_UART01.a(USBUART_1_std.o)
 .debug_loc     0x00001378       0x38 .\ARM_GCC_473\Debug\USB_UART01.a(USBUART_1_vnd.o)
 .debug_loc     0x000013b0      0x318 .\ARM_GCC_473\Debug\USB_UART01.a(LCD.o)
 .debug_loc     0x000016c8      0xce0 .\ARM_GCC_473\Debug\USB_UART01.a(CyLib.o)
 .debug_loc     0x000023a8      0x2e8 .\ARM_GCC_473\Debug\USB_UART01.a(cyPm.o)
 .debug_loc     0x00002690       0xc8 .\ARM_GCC_473\Debug\USB_UART01.a(laser_state.o)
 .debug_loc     0x00002758      0x190 .\ARM_GCC_473\Debug\USB_UART01.a(VDAC8_x.o)
 .debug_loc     0x000028e8       0xe8 .\ARM_GCC_473\Debug\USB_UART01.a(Opamp_y.o)
 .debug_loc     0x000029d0       0xe8 .\ARM_GCC_473\Debug\USB_UART01.a(Opamp_x.o)
 .debug_loc     0x00002ab8      0x190 .\ARM_GCC_473\Debug\USB_UART01.a(VDAC8_y.o)
 .debug_loc     0x00002c48      0x278 .\ARM_GCC_473\Debug\USB_UART01.a(Poll_Interrupt.o)
 .debug_loc     0x00002ec0      0x2d0 .\ARM_GCC_473\Debug\USB_UART01.a(Poll_Timer.o)
 .debug_loc     0x00003190      0x298 .\ARM_GCC_473\Debug\USB_UART01.a(Fire_Timer.o)
 .debug_loc     0x00003428      0x278 .\ARM_GCC_473\Debug\USB_UART01.a(Fire_Interrupt.o)
 .debug_loc     0x000036a0      0x278 .\ARM_GCC_473\Debug\USB_UART01.a(Mode_Interrupt.o)
 .debug_loc     0x00003918       0x38 .\ARM_GCC_473\Debug\USB_UART01.a(USBUART_1_cls.o)
 .debug_loc     0x00003950      0x290 .\ARM_GCC_473\Debug\USB_UART01.a(CyFlash.o)
 .debug_loc     0x00003be0      0x230 .\ARM_GCC_473\Debug\USB_UART01.a(CySpc.o)
 .debug_loc     0x00003e10       0x38 .\ARM_GCC_473\Debug\USB_UART01.a(cyutils.o)

.debug_macinfo
 *(.debug_macinfo)

.debug_ranges   0x00000000      0xaa0
 *(.debug_ranges)
 .debug_ranges  0x00000000       0x28 .\ARM_GCC_473\Debug\main.o
 .debug_ranges  0x00000028       0x30 .\ARM_GCC_473\Debug\Cm3Start.o
 .debug_ranges  0x00000058       0x50 .\ARM_GCC_473\Debug\USB_UART01.a(cyfitter_cfg.o)
 .debug_ranges  0x000000a8       0xa0 .\ARM_GCC_473\Debug\USB_UART01.a(USBUART_1.o)
 .debug_ranges  0x00000148       0xa0 .\ARM_GCC_473\Debug\USB_UART01.a(USBUART_1_cdc.o)
 .debug_ranges  0x000001e8       0x88 .\ARM_GCC_473\Debug\USB_UART01.a(USBUART_1_drv.o)
 .debug_ranges  0x00000270       0x30 .\ARM_GCC_473\Debug\USB_UART01.a(USBUART_1_episr.o)
 .debug_ranges  0x000002a0       0x38 .\ARM_GCC_473\Debug\USB_UART01.a(USBUART_1_hid.o)
 .debug_ranges  0x000002d8       0x68 .\ARM_GCC_473\Debug\USB_UART01.a(USBUART_1_std.o)
 .debug_ranges  0x00000340       0x10 .\ARM_GCC_473\Debug\USB_UART01.a(USBUART_1_vnd.o)
 .debug_ranges  0x00000350       0x80 .\ARM_GCC_473\Debug\USB_UART01.a(LCD.o)
 .debug_ranges  0x000003d0      0x208 .\ARM_GCC_473\Debug\USB_UART01.a(CyLib.o)
 .debug_ranges  0x000005d8       0x80 .\ARM_GCC_473\Debug\USB_UART01.a(cyPm.o)
 .debug_ranges  0x00000658       0x28 .\ARM_GCC_473\Debug\USB_UART01.a(laser_state.o)
 .debug_ranges  0x00000680       0x48 .\ARM_GCC_473\Debug\USB_UART01.a(VDAC8_x.o)
 .debug_ranges  0x000006c8       0x30 .\ARM_GCC_473\Debug\USB_UART01.a(Opamp_y.o)
 .debug_ranges  0x000006f8       0x30 .\ARM_GCC_473\Debug\USB_UART01.a(Opamp_x.o)
 .debug_ranges  0x00000728       0x48 .\ARM_GCC_473\Debug\USB_UART01.a(VDAC8_y.o)
 .debug_ranges  0x00000770       0x70 .\ARM_GCC_473\Debug\USB_UART01.a(Poll_Interrupt.o)
 .debug_ranges  0x000007e0       0x80 .\ARM_GCC_473\Debug\USB_UART01.a(Poll_Timer.o)
 .debug_ranges  0x00000860       0x78 .\ARM_GCC_473\Debug\USB_UART01.a(Fire_Timer.o)
 .debug_ranges  0x000008d8       0x70 .\ARM_GCC_473\Debug\USB_UART01.a(Fire_Interrupt.o)
 .debug_ranges  0x00000948       0x70 .\ARM_GCC_473\Debug\USB_UART01.a(Mode_Interrupt.o)
 .debug_ranges  0x000009b8       0x10 .\ARM_GCC_473\Debug\USB_UART01.a(USBUART_1_cls.o)
 .debug_ranges  0x000009c8       0x70 .\ARM_GCC_473\Debug\USB_UART01.a(CyFlash.o)
 .debug_ranges  0x00000a38       0x58 .\ARM_GCC_473\Debug\USB_UART01.a(CySpc.o)
 .debug_ranges  0x00000a90       0x10 .\ARM_GCC_473\Debug\USB_UART01.a(cyutils.o)

.comment        0x00000000       0x70
 .comment       0x00000000       0x70 .\ARM_GCC_473\Debug\main.o
                                 0x71 (size before relaxing)
 .comment       0x00000000       0x71 .\ARM_GCC_473\Debug\cymetadata.o
 .comment       0x00000000       0x71 .\ARM_GCC_473\Debug\Cm3Start.o
 .comment       0x00000000       0x71 .\ARM_GCC_473\Debug\USB_UART01.a(cyfitter_cfg.o)
 .comment       0x00000000       0x71 .\ARM_GCC_473\Debug\USB_UART01.a(USBUART_1.o)
 .comment       0x00000000       0x71 .\ARM_GCC_473\Debug\USB_UART01.a(USBUART_1_cdc.o)
 .comment       0x00000000       0x71 .\ARM_GCC_473\Debug\USB_UART01.a(USBUART_1_drv.o)
 .comment       0x00000000       0x71 .\ARM_GCC_473\Debug\USB_UART01.a(USBUART_1_episr.o)
 .comment       0x00000000       0x71 .\ARM_GCC_473\Debug\USB_UART01.a(USBUART_1_hid.o)
 .comment       0x00000000       0x71 .\ARM_GCC_473\Debug\USB_UART01.a(USBUART_1_std.o)
 .comment       0x00000000       0x71 .\ARM_GCC_473\Debug\USB_UART01.a(USBUART_1_vnd.o)
 .comment       0x00000000       0x71 .\ARM_GCC_473\Debug\USB_UART01.a(LCD.o)
 .comment       0x00000000       0x71 .\ARM_GCC_473\Debug\USB_UART01.a(CyLib.o)
 .comment       0x00000000       0x71 .\ARM_GCC_473\Debug\USB_UART01.a(cyPm.o)
 .comment       0x00000000       0x71 .\ARM_GCC_473\Debug\USB_UART01.a(laser_state.o)
 .comment       0x00000000       0x71 .\ARM_GCC_473\Debug\USB_UART01.a(VDAC8_x.o)
 .comment       0x00000000       0x71 .\ARM_GCC_473\Debug\USB_UART01.a(Opamp_y.o)
 .comment       0x00000000       0x71 .\ARM_GCC_473\Debug\USB_UART01.a(Opamp_x.o)
 .comment       0x00000000       0x71 .\ARM_GCC_473\Debug\USB_UART01.a(VDAC8_y.o)
 .comment       0x00000000       0x71 .\ARM_GCC_473\Debug\USB_UART01.a(Poll_Interrupt.o)
 .comment       0x00000000       0x71 .\ARM_GCC_473\Debug\USB_UART01.a(Poll_Timer.o)
 .comment       0x00000000       0x71 .\ARM_GCC_473\Debug\USB_UART01.a(Fire_Timer.o)
 .comment       0x00000000       0x71 .\ARM_GCC_473\Debug\USB_UART01.a(Fire_Interrupt.o)
 .comment       0x00000000       0x71 .\ARM_GCC_473\Debug\USB_UART01.a(Mode_Interrupt.o)
 .comment       0x00000000       0x71 .\ARM_GCC_473\Debug\USB_UART01.a(USBUART_1_cls.o)
 .comment       0x00000000       0x71 .\ARM_GCC_473\Debug\USB_UART01.a(USBUART_1_descr.o)
 .comment       0x00000000       0x71 .\ARM_GCC_473\Debug\USB_UART01.a(CyFlash.o)
 .comment       0x00000000       0x71 .\ARM_GCC_473\Debug\USB_UART01.a(CySpc.o)
 .comment       0x00000000       0x71 .\ARM_GCC_473\Debug\USB_UART01.a(cyutils.o)

.debug_weaknames
 *(.debug_weaknames)

.debug_funcnames
 *(.debug_funcnames)

.debug_typenames
 *(.debug_typenames)

.debug_varnames
 *(.debug_varnames)

.note.gnu.arm.ident
 *(.note.gnu.arm.ident)

.ARM.attributes
                0x00000000       0x29
 *(.ARM.attributes)
 .ARM.attributes
                0x00000000       0x1d c:/program files (x86)/cypress/psoc creator/3.0/psoc creator/import/gnu_cs/arm/4.7.3/bin/../lib/gcc/arm-none-eabi/4.7.3/armv7-m/crti.o
 .ARM.attributes
                0x0000001d       0x2d c:/program files (x86)/cypress/psoc creator/3.0/psoc creator/import/gnu_cs/arm/4.7.3/bin/../lib/gcc/arm-none-eabi/4.7.3/armv7-m/crtbegin.o
 .ARM.attributes
                0x0000004a       0x1b c:/program files (x86)/cypress/psoc creator/3.0/psoc creator/import/gnu_cs/arm/4.7.3/bin/../lib/gcc/arm-none-eabi/4.7.3/../../../../arm-none-eabi/lib/armv7-m/crt0.o
 .ARM.attributes
                0x00000065       0x33 .\ARM_GCC_473\Debug\main.o
 .ARM.attributes
                0x00000098       0x33 .\ARM_GCC_473\Debug\cymetadata.o
 .ARM.attributes
                0x000000cb       0x33 .\ARM_GCC_473\Debug\Cm3Start.o
 .ARM.attributes
                0x000000fe       0x33 .\ARM_GCC_473\Debug\USB_UART01.a(cyfitter_cfg.o)
 .ARM.attributes
                0x00000131       0x33 .\ARM_GCC_473\Debug\USB_UART01.a(USBUART_1.o)
 .ARM.attributes
                0x00000164       0x33 .\ARM_GCC_473\Debug\USB_UART01.a(USBUART_1_cdc.o)
 .ARM.attributes
                0x00000197       0x33 .\ARM_GCC_473\Debug\USB_UART01.a(USBUART_1_drv.o)
 .ARM.attributes
                0x000001ca       0x33 .\ARM_GCC_473\Debug\USB_UART01.a(USBUART_1_episr.o)
 .ARM.attributes
                0x000001fd       0x33 .\ARM_GCC_473\Debug\USB_UART01.a(USBUART_1_hid.o)
 .ARM.attributes
                0x00000230       0x33 .\ARM_GCC_473\Debug\USB_UART01.a(USBUART_1_std.o)
 .ARM.attributes
                0x00000263       0x33 .\ARM_GCC_473\Debug\USB_UART01.a(USBUART_1_vnd.o)
 .ARM.attributes
                0x00000296       0x33 .\ARM_GCC_473\Debug\USB_UART01.a(LCD.o)
 .ARM.attributes
                0x000002c9       0x21 .\ARM_GCC_473\Debug\USB_UART01.a(CyBootAsmGnu.o)
 .ARM.attributes
                0x000002ea       0x33 .\ARM_GCC_473\Debug\USB_UART01.a(CyLib.o)
 .ARM.attributes