ARM GAS  C:\Users\JGONZA~1\AppData\Local\Temp\cc8iXKb7.s 			page 1


   1              		.syntax unified
   2              		.cpu cortex-m3
   3              		.fpu softvfp
   4              		.eabi_attribute 20, 1
   5              		.eabi_attribute 21, 1
   6              		.eabi_attribute 23, 3
   7              		.eabi_attribute 24, 1
   8              		.eabi_attribute 25, 1
   9              		.eabi_attribute 26, 1
  10              		.eabi_attribute 30, 6
  11              		.eabi_attribute 34, 1
  12              		.eabi_attribute 18, 4
  13              		.thumb
  14              		.file	"Write_Timer_PM.c"
  15              		.text
  16              	.Ltext0:
  17              		.cfi_sections	.debug_frame
  18              		.bss
  19              		.align	2
  20              	Write_Timer_backup:
  21 0000 00000000 		.space	4
  22              		.section	.text.Write_Timer_SaveConfig,"ax",%progbits
  23              		.align	2
  24              		.global	Write_Timer_SaveConfig
  25              		.thumb
  26              		.thumb_func
  27              		.type	Write_Timer_SaveConfig, %function
  28              	Write_Timer_SaveConfig:
  29              	.LFB0:
  30              		.file 1 ".\\Generated_Source\\PSoC5\\Write_Timer_PM.c"
   1:.\Generated_Source\PSoC5/Write_Timer_PM.c **** /*******************************************************************************
   2:.\Generated_Source\PSoC5/Write_Timer_PM.c **** * File Name: Write_Timer_PM.c
   3:.\Generated_Source\PSoC5/Write_Timer_PM.c **** * Version 2.50
   4:.\Generated_Source\PSoC5/Write_Timer_PM.c **** *
   5:.\Generated_Source\PSoC5/Write_Timer_PM.c **** *  Description:
   6:.\Generated_Source\PSoC5/Write_Timer_PM.c **** *     This file provides the power management source code to API for the
   7:.\Generated_Source\PSoC5/Write_Timer_PM.c **** *     Timer.
   8:.\Generated_Source\PSoC5/Write_Timer_PM.c **** *
   9:.\Generated_Source\PSoC5/Write_Timer_PM.c **** *   Note:
  10:.\Generated_Source\PSoC5/Write_Timer_PM.c **** *     None
  11:.\Generated_Source\PSoC5/Write_Timer_PM.c **** *
  12:.\Generated_Source\PSoC5/Write_Timer_PM.c **** *******************************************************************************
  13:.\Generated_Source\PSoC5/Write_Timer_PM.c **** * Copyright 2008-2012, Cypress Semiconductor Corporation.  All rights reserved.
  14:.\Generated_Source\PSoC5/Write_Timer_PM.c **** * You may use this file only in accordance with the license, terms, conditions,
  15:.\Generated_Source\PSoC5/Write_Timer_PM.c **** * disclaimers, and limitations in the end user license agreement accompanying
  16:.\Generated_Source\PSoC5/Write_Timer_PM.c **** * the software package with which this file was provided.
  17:.\Generated_Source\PSoC5/Write_Timer_PM.c **** ********************************************************************************/
  18:.\Generated_Source\PSoC5/Write_Timer_PM.c **** 
  19:.\Generated_Source\PSoC5/Write_Timer_PM.c **** #include "Write_Timer.h"
  20:.\Generated_Source\PSoC5/Write_Timer_PM.c **** static Write_Timer_backupStruct Write_Timer_backup;
  21:.\Generated_Source\PSoC5/Write_Timer_PM.c **** 
  22:.\Generated_Source\PSoC5/Write_Timer_PM.c **** 
  23:.\Generated_Source\PSoC5/Write_Timer_PM.c **** /*******************************************************************************
  24:.\Generated_Source\PSoC5/Write_Timer_PM.c **** * Function Name: Write_Timer_SaveConfig
  25:.\Generated_Source\PSoC5/Write_Timer_PM.c **** ********************************************************************************
  26:.\Generated_Source\PSoC5/Write_Timer_PM.c **** *
  27:.\Generated_Source\PSoC5/Write_Timer_PM.c **** * Summary:
ARM GAS  C:\Users\JGONZA~1\AppData\Local\Temp\cc8iXKb7.s 			page 2


  28:.\Generated_Source\PSoC5/Write_Timer_PM.c **** *     Save the current user configuration
  29:.\Generated_Source\PSoC5/Write_Timer_PM.c **** *
  30:.\Generated_Source\PSoC5/Write_Timer_PM.c **** * Parameters:
  31:.\Generated_Source\PSoC5/Write_Timer_PM.c **** *  void
  32:.\Generated_Source\PSoC5/Write_Timer_PM.c **** *
  33:.\Generated_Source\PSoC5/Write_Timer_PM.c **** * Return:
  34:.\Generated_Source\PSoC5/Write_Timer_PM.c **** *  void
  35:.\Generated_Source\PSoC5/Write_Timer_PM.c **** *
  36:.\Generated_Source\PSoC5/Write_Timer_PM.c **** * Global variables:
  37:.\Generated_Source\PSoC5/Write_Timer_PM.c **** *  Write_Timer_backup:  Variables of this global structure are modified to
  38:.\Generated_Source\PSoC5/Write_Timer_PM.c **** *  store the values of non retention configuration registers when Sleep() API is
  39:.\Generated_Source\PSoC5/Write_Timer_PM.c **** *  called.
  40:.\Generated_Source\PSoC5/Write_Timer_PM.c **** *
  41:.\Generated_Source\PSoC5/Write_Timer_PM.c **** *******************************************************************************/
  42:.\Generated_Source\PSoC5/Write_Timer_PM.c **** void Write_Timer_SaveConfig(void) 
  43:.\Generated_Source\PSoC5/Write_Timer_PM.c **** {
  31              		.loc 1 43 0
  32              		.cfi_startproc
  33              		@ args = 0, pretend = 0, frame = 0
  34              		@ frame_needed = 1, uses_anonymous_args = 0
  35 0000 80B5     		push	{r7, lr}
  36              	.LCFI0:
  37              		.cfi_def_cfa_offset 8
  38              		.cfi_offset 7, -8
  39              		.cfi_offset 14, -4
  40 0002 00AF     		add	r7, sp, #0
  41              	.LCFI1:
  42              		.cfi_def_cfa_register 7
  44:.\Generated_Source\PSoC5/Write_Timer_PM.c ****     #if (!Write_Timer_UsingFixedFunction)
  45:.\Generated_Source\PSoC5/Write_Timer_PM.c ****         /* Backup the UDB non-rentention registers for CY_UDB_V0 */
  46:.\Generated_Source\PSoC5/Write_Timer_PM.c ****         #if (CY_UDB_V0)
  47:.\Generated_Source\PSoC5/Write_Timer_PM.c ****             Write_Timer_backup.TimerUdb = Write_Timer_ReadCounter();
  48:.\Generated_Source\PSoC5/Write_Timer_PM.c ****             Write_Timer_backup.TimerPeriod = Write_Timer_ReadPeriod();
  49:.\Generated_Source\PSoC5/Write_Timer_PM.c ****             Write_Timer_backup.InterruptMaskValue = Write_Timer_STATUS_MASK;
  50:.\Generated_Source\PSoC5/Write_Timer_PM.c ****             #if (Write_Timer_UsingHWCaptureCounter)
  51:.\Generated_Source\PSoC5/Write_Timer_PM.c ****                 Write_Timer_backup.TimerCaptureCounter = Write_Timer_ReadCaptureCount();
  52:.\Generated_Source\PSoC5/Write_Timer_PM.c ****             #endif /* Backup the UDB non-rentention register capture counter for CY_UDB_V0 */
  53:.\Generated_Source\PSoC5/Write_Timer_PM.c ****         #endif /* Backup the UDB non-rentention registers for CY_UDB_V0 */
  54:.\Generated_Source\PSoC5/Write_Timer_PM.c **** 
  55:.\Generated_Source\PSoC5/Write_Timer_PM.c ****         #if (CY_UDB_V1)
  56:.\Generated_Source\PSoC5/Write_Timer_PM.c ****             Write_Timer_backup.TimerUdb = Write_Timer_ReadCounter();
  43              		.loc 1 56 0
  44 0004 FFF7FEFF 		bl	Write_Timer_ReadCounter
  45 0008 0346     		mov	r3, r0
  46 000a 1A46     		mov	r2, r3
  47 000c 40F20003 		movw	r3, #:lower16:Write_Timer_backup
  48 0010 C0F20003 		movt	r3, #:upper16:Write_Timer_backup
  49 0014 5A70     		strb	r2, [r3, #1]
  57:.\Generated_Source\PSoC5/Write_Timer_PM.c ****             Write_Timer_backup.InterruptMaskValue = Write_Timer_STATUS_MASK;
  50              		.loc 1 57 0
  51 0016 46F28E43 		movw	r3, #25742
  52 001a C4F20003 		movt	r3, 16384
  53 001e 1B78     		ldrb	r3, [r3, #0]
  54 0020 DAB2     		uxtb	r2, r3
  55 0022 40F20003 		movw	r3, #:lower16:Write_Timer_backup
  56 0026 C0F20003 		movt	r3, #:upper16:Write_Timer_backup
  57 002a 9A70     		strb	r2, [r3, #2]
ARM GAS  C:\Users\JGONZA~1\AppData\Local\Temp\cc8iXKb7.s 			page 3


  58:.\Generated_Source\PSoC5/Write_Timer_PM.c ****             #if (Write_Timer_UsingHWCaptureCounter)
  59:.\Generated_Source\PSoC5/Write_Timer_PM.c ****                 Write_Timer_backup.TimerCaptureCounter = Write_Timer_ReadCaptureCount();
  60:.\Generated_Source\PSoC5/Write_Timer_PM.c ****             #endif /* Back Up capture counter register  */
  61:.\Generated_Source\PSoC5/Write_Timer_PM.c ****         #endif /* Backup non retention registers, interrupt mask and capture counter for CY_UDB_V1 
  62:.\Generated_Source\PSoC5/Write_Timer_PM.c **** 
  63:.\Generated_Source\PSoC5/Write_Timer_PM.c ****         #if(!Write_Timer_ControlRegRemoved)
  64:.\Generated_Source\PSoC5/Write_Timer_PM.c ****             Write_Timer_backup.TimerControlRegister = Write_Timer_ReadControlRegister();
  58              		.loc 1 64 0
  59 002c FFF7FEFF 		bl	Write_Timer_ReadControlRegister
  60 0030 0346     		mov	r3, r0
  61 0032 1A46     		mov	r2, r3
  62 0034 40F20003 		movw	r3, #:lower16:Write_Timer_backup
  63 0038 C0F20003 		movt	r3, #:upper16:Write_Timer_backup
  64 003c DA70     		strb	r2, [r3, #3]
  65:.\Generated_Source\PSoC5/Write_Timer_PM.c ****         #endif /* Backup the enable state of the Timer component */
  66:.\Generated_Source\PSoC5/Write_Timer_PM.c ****     #endif /* Backup non retention registers in UDB implementation. All fixed function registers ar
  67:.\Generated_Source\PSoC5/Write_Timer_PM.c **** }
  65              		.loc 1 67 0
  66 003e 80BD     		pop	{r7, pc}
  67              		.cfi_endproc
  68              	.LFE0:
  69              		.size	Write_Timer_SaveConfig, .-Write_Timer_SaveConfig
  70              		.section	.text.Write_Timer_RestoreConfig,"ax",%progbits
  71              		.align	2
  72              		.global	Write_Timer_RestoreConfig
  73              		.thumb
  74              		.thumb_func
  75              		.type	Write_Timer_RestoreConfig, %function
  76              	Write_Timer_RestoreConfig:
  77              	.LFB1:
  68:.\Generated_Source\PSoC5/Write_Timer_PM.c **** 
  69:.\Generated_Source\PSoC5/Write_Timer_PM.c **** 
  70:.\Generated_Source\PSoC5/Write_Timer_PM.c **** /*******************************************************************************
  71:.\Generated_Source\PSoC5/Write_Timer_PM.c **** * Function Name: Write_Timer_RestoreConfig
  72:.\Generated_Source\PSoC5/Write_Timer_PM.c **** ********************************************************************************
  73:.\Generated_Source\PSoC5/Write_Timer_PM.c **** *
  74:.\Generated_Source\PSoC5/Write_Timer_PM.c **** * Summary:
  75:.\Generated_Source\PSoC5/Write_Timer_PM.c **** *  Restores the current user configuration.
  76:.\Generated_Source\PSoC5/Write_Timer_PM.c **** *
  77:.\Generated_Source\PSoC5/Write_Timer_PM.c **** * Parameters:
  78:.\Generated_Source\PSoC5/Write_Timer_PM.c **** *  void
  79:.\Generated_Source\PSoC5/Write_Timer_PM.c **** *
  80:.\Generated_Source\PSoC5/Write_Timer_PM.c **** * Return:
  81:.\Generated_Source\PSoC5/Write_Timer_PM.c **** *  void
  82:.\Generated_Source\PSoC5/Write_Timer_PM.c **** *
  83:.\Generated_Source\PSoC5/Write_Timer_PM.c **** * Global variables:
  84:.\Generated_Source\PSoC5/Write_Timer_PM.c **** *  Write_Timer_backup:  Variables of this global structure are used to
  85:.\Generated_Source\PSoC5/Write_Timer_PM.c **** *  restore the values of non retention registers on wakeup from sleep mode.
  86:.\Generated_Source\PSoC5/Write_Timer_PM.c **** *
  87:.\Generated_Source\PSoC5/Write_Timer_PM.c **** *******************************************************************************/
  88:.\Generated_Source\PSoC5/Write_Timer_PM.c **** void Write_Timer_RestoreConfig(void) 
  89:.\Generated_Source\PSoC5/Write_Timer_PM.c **** {   
  78              		.loc 1 89 0
  79              		.cfi_startproc
  80              		@ args = 0, pretend = 0, frame = 0
  81              		@ frame_needed = 1, uses_anonymous_args = 0
  82 0000 80B5     		push	{r7, lr}
ARM GAS  C:\Users\JGONZA~1\AppData\Local\Temp\cc8iXKb7.s 			page 4


  83              	.LCFI2:
  84              		.cfi_def_cfa_offset 8
  85              		.cfi_offset 7, -8
  86              		.cfi_offset 14, -4
  87 0002 00AF     		add	r7, sp, #0
  88              	.LCFI3:
  89              		.cfi_def_cfa_register 7
  90:.\Generated_Source\PSoC5/Write_Timer_PM.c ****     #if (!Write_Timer_UsingFixedFunction)
  91:.\Generated_Source\PSoC5/Write_Timer_PM.c ****         /* Restore the UDB non-rentention registers for CY_UDB_V0 */
  92:.\Generated_Source\PSoC5/Write_Timer_PM.c ****         #if (CY_UDB_V0)
  93:.\Generated_Source\PSoC5/Write_Timer_PM.c ****             /* Interrupt State Backup for Critical Region*/
  94:.\Generated_Source\PSoC5/Write_Timer_PM.c ****             uint8 Write_Timer_interruptState;
  95:.\Generated_Source\PSoC5/Write_Timer_PM.c **** 
  96:.\Generated_Source\PSoC5/Write_Timer_PM.c ****             Write_Timer_WriteCounter(Write_Timer_backup.TimerUdb);
  97:.\Generated_Source\PSoC5/Write_Timer_PM.c ****             Write_Timer_WritePeriod(Write_Timer_backup.TimerPeriod);
  98:.\Generated_Source\PSoC5/Write_Timer_PM.c ****             /* CyEnterCriticalRegion and CyExitCriticalRegion are used to mark following region cri
  99:.\Generated_Source\PSoC5/Write_Timer_PM.c ****             /* Enter Critical Region*/
 100:.\Generated_Source\PSoC5/Write_Timer_PM.c ****             Write_Timer_interruptState = CyEnterCriticalSection();
 101:.\Generated_Source\PSoC5/Write_Timer_PM.c ****             /* Use the interrupt output of the status register for IRQ output */
 102:.\Generated_Source\PSoC5/Write_Timer_PM.c ****             Write_Timer_STATUS_AUX_CTRL |= Write_Timer_STATUS_ACTL_INT_EN_MASK;
 103:.\Generated_Source\PSoC5/Write_Timer_PM.c ****             /* Exit Critical Region*/
 104:.\Generated_Source\PSoC5/Write_Timer_PM.c ****             CyExitCriticalSection(Write_Timer_interruptState);
 105:.\Generated_Source\PSoC5/Write_Timer_PM.c ****             Write_Timer_STATUS_MASK =Write_Timer_backup.InterruptMaskValue;
 106:.\Generated_Source\PSoC5/Write_Timer_PM.c ****             #if (Write_Timer_UsingHWCaptureCounter)
 107:.\Generated_Source\PSoC5/Write_Timer_PM.c ****                 Write_Timer_SetCaptureCount(Write_Timer_backup.TimerCaptureCounter);
 108:.\Generated_Source\PSoC5/Write_Timer_PM.c ****             #endif /* Restore the UDB non-rentention register capture counter for CY_UDB_V0 */
 109:.\Generated_Source\PSoC5/Write_Timer_PM.c ****         #endif /* Restore the UDB non-rentention registers for CY_UDB_V0 */
 110:.\Generated_Source\PSoC5/Write_Timer_PM.c **** 
 111:.\Generated_Source\PSoC5/Write_Timer_PM.c ****         #if (CY_UDB_V1)
 112:.\Generated_Source\PSoC5/Write_Timer_PM.c ****             Write_Timer_WriteCounter(Write_Timer_backup.TimerUdb);
  90              		.loc 1 112 0
  91 0004 40F20003 		movw	r3, #:lower16:Write_Timer_backup
  92 0008 C0F20003 		movt	r3, #:upper16:Write_Timer_backup
  93 000c 5B78     		ldrb	r3, [r3, #1]	@ zero_extendqisi2
  94 000e 1846     		mov	r0, r3
  95 0010 FFF7FEFF 		bl	Write_Timer_WriteCounter
 113:.\Generated_Source\PSoC5/Write_Timer_PM.c ****             Write_Timer_STATUS_MASK =Write_Timer_backup.InterruptMaskValue;
  96              		.loc 1 113 0
  97 0014 46F28E43 		movw	r3, #25742
  98 0018 C4F20003 		movt	r3, 16384
  99 001c 40F20002 		movw	r2, #:lower16:Write_Timer_backup
 100 0020 C0F20002 		movt	r2, #:upper16:Write_Timer_backup
 101 0024 9278     		ldrb	r2, [r2, #2]	@ zero_extendqisi2
 102 0026 1A70     		strb	r2, [r3, #0]
 114:.\Generated_Source\PSoC5/Write_Timer_PM.c ****             #if (Write_Timer_UsingHWCaptureCounter)
 115:.\Generated_Source\PSoC5/Write_Timer_PM.c ****                 Write_Timer_SetCaptureCount(Write_Timer_backup.TimerCaptureCounter);
 116:.\Generated_Source\PSoC5/Write_Timer_PM.c ****             #endif /* Restore Capture counter register*/
 117:.\Generated_Source\PSoC5/Write_Timer_PM.c ****         #endif /* Restore up non retention registers, interrupt mask and capture counter for CY_UDB
 118:.\Generated_Source\PSoC5/Write_Timer_PM.c **** 
 119:.\Generated_Source\PSoC5/Write_Timer_PM.c ****         #if(!Write_Timer_ControlRegRemoved)
 120:.\Generated_Source\PSoC5/Write_Timer_PM.c ****             Write_Timer_WriteControlRegister(Write_Timer_backup.TimerControlRegister);
 103              		.loc 1 120 0
 104 0028 40F20003 		movw	r3, #:lower16:Write_Timer_backup
 105 002c C0F20003 		movt	r3, #:upper16:Write_Timer_backup
 106 0030 DB78     		ldrb	r3, [r3, #3]	@ zero_extendqisi2
 107 0032 1846     		mov	r0, r3
 108 0034 FFF7FEFF 		bl	Write_Timer_WriteControlRegister
ARM GAS  C:\Users\JGONZA~1\AppData\Local\Temp\cc8iXKb7.s 			page 5


 121:.\Generated_Source\PSoC5/Write_Timer_PM.c ****         #endif /* Restore the enable state of the Timer component */
 122:.\Generated_Source\PSoC5/Write_Timer_PM.c ****     #endif /* Restore non retention registers in the UDB implementation only */
 123:.\Generated_Source\PSoC5/Write_Timer_PM.c **** }
 109              		.loc 1 123 0
 110 0038 80BD     		pop	{r7, pc}
 111              		.cfi_endproc
 112              	.LFE1:
 113              		.size	Write_Timer_RestoreConfig, .-Write_Timer_RestoreConfig
 114 003a 00BF     		.section	.text.Write_Timer_Sleep,"ax",%progbits
 115              		.align	2
 116              		.global	Write_Timer_Sleep
 117              		.thumb
 118              		.thumb_func
 119              		.type	Write_Timer_Sleep, %function
 120              	Write_Timer_Sleep:
 121              	.LFB2:
 124:.\Generated_Source\PSoC5/Write_Timer_PM.c **** 
 125:.\Generated_Source\PSoC5/Write_Timer_PM.c **** 
 126:.\Generated_Source\PSoC5/Write_Timer_PM.c **** /*******************************************************************************
 127:.\Generated_Source\PSoC5/Write_Timer_PM.c **** * Function Name: Write_Timer_Sleep
 128:.\Generated_Source\PSoC5/Write_Timer_PM.c **** ********************************************************************************
 129:.\Generated_Source\PSoC5/Write_Timer_PM.c **** *
 130:.\Generated_Source\PSoC5/Write_Timer_PM.c **** * Summary:
 131:.\Generated_Source\PSoC5/Write_Timer_PM.c **** *     Stop and Save the user configuration
 132:.\Generated_Source\PSoC5/Write_Timer_PM.c **** *
 133:.\Generated_Source\PSoC5/Write_Timer_PM.c **** * Parameters:
 134:.\Generated_Source\PSoC5/Write_Timer_PM.c **** *  void
 135:.\Generated_Source\PSoC5/Write_Timer_PM.c **** *
 136:.\Generated_Source\PSoC5/Write_Timer_PM.c **** * Return:
 137:.\Generated_Source\PSoC5/Write_Timer_PM.c **** *  void
 138:.\Generated_Source\PSoC5/Write_Timer_PM.c **** *
 139:.\Generated_Source\PSoC5/Write_Timer_PM.c **** * Global variables:
 140:.\Generated_Source\PSoC5/Write_Timer_PM.c **** *  Write_Timer_backup.TimerEnableState:  Is modified depending on the
 141:.\Generated_Source\PSoC5/Write_Timer_PM.c **** *  enable state of the block before entering sleep mode.
 142:.\Generated_Source\PSoC5/Write_Timer_PM.c **** *
 143:.\Generated_Source\PSoC5/Write_Timer_PM.c **** *******************************************************************************/
 144:.\Generated_Source\PSoC5/Write_Timer_PM.c **** void Write_Timer_Sleep(void) 
 145:.\Generated_Source\PSoC5/Write_Timer_PM.c **** {
 122              		.loc 1 145 0
 123              		.cfi_startproc
 124              		@ args = 0, pretend = 0, frame = 0
 125              		@ frame_needed = 1, uses_anonymous_args = 0
 126 0000 80B5     		push	{r7, lr}
 127              	.LCFI4:
 128              		.cfi_def_cfa_offset 8
 129              		.cfi_offset 7, -8
 130              		.cfi_offset 14, -4
 131 0002 00AF     		add	r7, sp, #0
 132              	.LCFI5:
 133              		.cfi_def_cfa_register 7
 146:.\Generated_Source\PSoC5/Write_Timer_PM.c ****     #if(!Write_Timer_ControlRegRemoved)
 147:.\Generated_Source\PSoC5/Write_Timer_PM.c ****         /* Save Counter's enable state */
 148:.\Generated_Source\PSoC5/Write_Timer_PM.c ****         if(Write_Timer_CTRL_ENABLE == (Write_Timer_CONTROL & Write_Timer_CTRL_ENABLE))
 134              		.loc 1 148 0
 135 0004 46F27E43 		movw	r3, #25726
 136 0008 C4F20003 		movt	r3, 16384
 137 000c 1B78     		ldrb	r3, [r3, #0]
ARM GAS  C:\Users\JGONZA~1\AppData\Local\Temp\cc8iXKb7.s 			page 6


 138 000e DBB2     		uxtb	r3, r3
 139 0010 DBB2     		uxtb	r3, r3
 140 0012 5BB2     		sxtb	r3, r3
 141 0014 002B     		cmp	r3, #0
 142 0016 07DA     		bge	.L4
 149:.\Generated_Source\PSoC5/Write_Timer_PM.c ****         {
 150:.\Generated_Source\PSoC5/Write_Timer_PM.c ****             /* Timer is enabled */
 151:.\Generated_Source\PSoC5/Write_Timer_PM.c ****             Write_Timer_backup.TimerEnableState = 1u;
 143              		.loc 1 151 0
 144 0018 40F20003 		movw	r3, #:lower16:Write_Timer_backup
 145 001c C0F20003 		movt	r3, #:upper16:Write_Timer_backup
 146 0020 4FF00102 		mov	r2, #1
 147 0024 1A70     		strb	r2, [r3, #0]
 148 0026 06E0     		b	.L5
 149              	.L4:
 152:.\Generated_Source\PSoC5/Write_Timer_PM.c ****         }
 153:.\Generated_Source\PSoC5/Write_Timer_PM.c ****         else
 154:.\Generated_Source\PSoC5/Write_Timer_PM.c ****         {
 155:.\Generated_Source\PSoC5/Write_Timer_PM.c ****             /* Timer is disabled */
 156:.\Generated_Source\PSoC5/Write_Timer_PM.c ****             Write_Timer_backup.TimerEnableState = 0u;
 150              		.loc 1 156 0
 151 0028 40F20003 		movw	r3, #:lower16:Write_Timer_backup
 152 002c C0F20003 		movt	r3, #:upper16:Write_Timer_backup
 153 0030 4FF00002 		mov	r2, #0
 154 0034 1A70     		strb	r2, [r3, #0]
 155              	.L5:
 157:.\Generated_Source\PSoC5/Write_Timer_PM.c ****         }
 158:.\Generated_Source\PSoC5/Write_Timer_PM.c ****     #endif /* Back up enable state from the Timer control register */
 159:.\Generated_Source\PSoC5/Write_Timer_PM.c ****     Write_Timer_Stop();
 156              		.loc 1 159 0
 157 0036 FFF7FEFF 		bl	Write_Timer_Stop
 160:.\Generated_Source\PSoC5/Write_Timer_PM.c ****     Write_Timer_SaveConfig();
 158              		.loc 1 160 0
 159 003a FFF7FEFF 		bl	Write_Timer_SaveConfig
 161:.\Generated_Source\PSoC5/Write_Timer_PM.c **** }
 160              		.loc 1 161 0
 161 003e 80BD     		pop	{r7, pc}
 162              		.cfi_endproc
 163              	.LFE2:
 164              		.size	Write_Timer_Sleep, .-Write_Timer_Sleep
 165              		.section	.text.Write_Timer_Wakeup,"ax",%progbits
 166              		.align	2
 167              		.global	Write_Timer_Wakeup
 168              		.thumb
 169              		.thumb_func
 170              		.type	Write_Timer_Wakeup, %function
 171              	Write_Timer_Wakeup:
 172              	.LFB3:
 162:.\Generated_Source\PSoC5/Write_Timer_PM.c **** 
 163:.\Generated_Source\PSoC5/Write_Timer_PM.c **** 
 164:.\Generated_Source\PSoC5/Write_Timer_PM.c **** /*******************************************************************************
 165:.\Generated_Source\PSoC5/Write_Timer_PM.c **** * Function Name: Write_Timer_Wakeup
 166:.\Generated_Source\PSoC5/Write_Timer_PM.c **** ********************************************************************************
 167:.\Generated_Source\PSoC5/Write_Timer_PM.c **** *
 168:.\Generated_Source\PSoC5/Write_Timer_PM.c **** * Summary:
 169:.\Generated_Source\PSoC5/Write_Timer_PM.c **** *  Restores and enables the user configuration
 170:.\Generated_Source\PSoC5/Write_Timer_PM.c **** *
ARM GAS  C:\Users\JGONZA~1\AppData\Local\Temp\cc8iXKb7.s 			page 7


 171:.\Generated_Source\PSoC5/Write_Timer_PM.c **** * Parameters:
 172:.\Generated_Source\PSoC5/Write_Timer_PM.c **** *  void
 173:.\Generated_Source\PSoC5/Write_Timer_PM.c **** *
 174:.\Generated_Source\PSoC5/Write_Timer_PM.c **** * Return:
 175:.\Generated_Source\PSoC5/Write_Timer_PM.c **** *  void
 176:.\Generated_Source\PSoC5/Write_Timer_PM.c **** *
 177:.\Generated_Source\PSoC5/Write_Timer_PM.c **** * Global variables:
 178:.\Generated_Source\PSoC5/Write_Timer_PM.c **** *  Write_Timer_backup.enableState:  Is used to restore the enable state of
 179:.\Generated_Source\PSoC5/Write_Timer_PM.c **** *  block on wakeup from sleep mode.
 180:.\Generated_Source\PSoC5/Write_Timer_PM.c **** *
 181:.\Generated_Source\PSoC5/Write_Timer_PM.c **** *******************************************************************************/
 182:.\Generated_Source\PSoC5/Write_Timer_PM.c **** void Write_Timer_Wakeup(void) 
 183:.\Generated_Source\PSoC5/Write_Timer_PM.c **** {
 173              		.loc 1 183 0
 174              		.cfi_startproc
 175              		@ args = 0, pretend = 0, frame = 0
 176              		@ frame_needed = 1, uses_anonymous_args = 0
 177 0000 80B5     		push	{r7, lr}
 178              	.LCFI6:
 179              		.cfi_def_cfa_offset 8
 180              		.cfi_offset 7, -8
 181              		.cfi_offset 14, -4
 182 0002 00AF     		add	r7, sp, #0
 183              	.LCFI7:
 184              		.cfi_def_cfa_register 7
 184:.\Generated_Source\PSoC5/Write_Timer_PM.c ****     Write_Timer_RestoreConfig();
 185              		.loc 1 184 0
 186 0004 FFF7FEFF 		bl	Write_Timer_RestoreConfig
 185:.\Generated_Source\PSoC5/Write_Timer_PM.c ****     #if(!Write_Timer_ControlRegRemoved)
 186:.\Generated_Source\PSoC5/Write_Timer_PM.c ****         if(Write_Timer_backup.TimerEnableState == 1u)
 187              		.loc 1 186 0
 188 0008 40F20003 		movw	r3, #:lower16:Write_Timer_backup
 189 000c C0F20003 		movt	r3, #:upper16:Write_Timer_backup
 190 0010 1B78     		ldrb	r3, [r3, #0]	@ zero_extendqisi2
 191 0012 012B     		cmp	r3, #1
 192 0014 01D1     		bne	.L6
 187:.\Generated_Source\PSoC5/Write_Timer_PM.c ****         {     /* Enable Timer's operation */
 188:.\Generated_Source\PSoC5/Write_Timer_PM.c ****                 Write_Timer_Enable();
 193              		.loc 1 188 0
 194 0016 FFF7FEFF 		bl	Write_Timer_Enable
 195              	.L6:
 189:.\Generated_Source\PSoC5/Write_Timer_PM.c ****         } /* Do nothing if Timer was disabled before */
 190:.\Generated_Source\PSoC5/Write_Timer_PM.c ****     #endif /* Remove this code section if Control register is removed */
 191:.\Generated_Source\PSoC5/Write_Timer_PM.c **** }
 196              		.loc 1 191 0
 197 001a 80BD     		pop	{r7, pc}
 198              		.cfi_endproc
 199              	.LFE3:
 200              		.size	Write_Timer_Wakeup, .-Write_Timer_Wakeup
 201              		.text
 202              	.Letext0:
 203              		.file 2 ".\\Generated_Source\\PSoC5\\cytypes.h"
 204              		.file 3 ".\\Generated_Source\\PSoC5\\Write_Timer.h"
 205              		.section	.debug_info,"",%progbits
 206              	.Ldebug_info0:
 207 0000 58010000 		.4byte	0x158
 208 0004 0200     		.2byte	0x2
ARM GAS  C:\Users\JGONZA~1\AppData\Local\Temp\cc8iXKb7.s 			page 8


 209 0006 00000000 		.4byte	.Ldebug_abbrev0
 210 000a 04       		.byte	0x4
 211 000b 01       		.uleb128 0x1
 212 000c 8B000000 		.4byte	.LASF24
 213 0010 01       		.byte	0x1
 214 0011 63010000 		.4byte	.LASF25
 215 0015 0D010000 		.4byte	.LASF26
 216 0019 00000000 		.4byte	.Ldebug_ranges0+0
 217 001d 00000000 		.4byte	0
 218 0021 00000000 		.4byte	0
 219 0025 00000000 		.4byte	.Ldebug_line0
 220 0029 02       		.uleb128 0x2
 221 002a 01       		.byte	0x1
 222 002b 06       		.byte	0x6
 223 002c C8010000 		.4byte	.LASF0
 224 0030 02       		.uleb128 0x2
 225 0031 01       		.byte	0x1
 226 0032 08       		.byte	0x8
 227 0033 FF000000 		.4byte	.LASF1
 228 0037 02       		.uleb128 0x2
 229 0038 02       		.byte	0x2
 230 0039 05       		.byte	0x5
 231 003a 8D010000 		.4byte	.LASF2
 232 003e 02       		.uleb128 0x2
 233 003f 02       		.byte	0x2
 234 0040 07       		.byte	0x7
 235 0041 B5010000 		.4byte	.LASF3
 236 0045 02       		.uleb128 0x2
 237 0046 04       		.byte	0x4
 238 0047 05       		.byte	0x5
 239 0048 5A010000 		.4byte	.LASF4
 240 004c 02       		.uleb128 0x2
 241 004d 04       		.byte	0x4
 242 004e 07       		.byte	0x7
 243 004f 4D000000 		.4byte	.LASF5
 244 0053 02       		.uleb128 0x2
 245 0054 08       		.byte	0x8
 246 0055 05       		.byte	0x5
 247 0056 00000000 		.4byte	.LASF6
 248 005a 02       		.uleb128 0x2
 249 005b 08       		.byte	0x8
 250 005c 07       		.byte	0x7
 251 005d 5F000000 		.4byte	.LASF7
 252 0061 03       		.uleb128 0x3
 253 0062 04       		.byte	0x4
 254 0063 05       		.byte	0x5
 255 0064 696E7400 		.ascii	"int\000"
 256 0068 02       		.uleb128 0x2
 257 0069 04       		.byte	0x4
 258 006a 07       		.byte	0x7
 259 006b 0E000000 		.4byte	.LASF8
 260 006f 04       		.uleb128 0x4
 261 0070 47000000 		.4byte	.LASF12
 262 0074 02       		.byte	0x2
 263 0075 5B       		.byte	0x5b
 264 0076 30000000 		.4byte	0x30
 265 007a 02       		.uleb128 0x2
ARM GAS  C:\Users\JGONZA~1\AppData\Local\Temp\cc8iXKb7.s 			page 9


 266 007b 04       		.byte	0x4
 267 007c 04       		.byte	0x4
 268 007d E7010000 		.4byte	.LASF9
 269 0081 02       		.uleb128 0x2
 270 0082 08       		.byte	0x8
 271 0083 04       		.byte	0x4
 272 0084 97010000 		.4byte	.LASF10
 273 0088 02       		.uleb128 0x2
 274 0089 01       		.byte	0x1
 275 008a 08       		.byte	0x8
 276 008b 55010000 		.4byte	.LASF11
 277 008f 04       		.uleb128 0x4
 278 0090 08020000 		.4byte	.LASF13
 279 0094 02       		.byte	0x2
 280 0095 F0       		.byte	0xf0
 281 0096 9A000000 		.4byte	0x9a
 282 009a 05       		.uleb128 0x5
 283 009b 6F000000 		.4byte	0x6f
 284 009f 02       		.uleb128 0x2
 285 00a0 04       		.byte	0x4
 286 00a1 07       		.byte	0x7
 287 00a2 20020000 		.4byte	.LASF14
 288 00a6 06       		.uleb128 0x6
 289 00a7 04       		.byte	0x4
 290 00a8 03       		.byte	0x3
 291 00a9 3B       		.byte	0x3b
 292 00aa E7000000 		.4byte	0xe7
 293 00ae 07       		.uleb128 0x7
 294 00af EE000000 		.4byte	.LASF15
 295 00b3 03       		.byte	0x3
 296 00b4 3D       		.byte	0x3d
 297 00b5 6F000000 		.4byte	0x6f
 298 00b9 02       		.byte	0x2
 299 00ba 23       		.byte	0x23
 300 00bb 00       		.uleb128 0
 301 00bc 07       		.uleb128 0x7
 302 00bd FF010000 		.4byte	.LASF16
 303 00c1 03       		.byte	0x3
 304 00c2 49       		.byte	0x49
 305 00c3 6F000000 		.4byte	0x6f
 306 00c7 02       		.byte	0x2
 307 00c8 23       		.byte	0x23
 308 00c9 01       		.uleb128 0x1
 309 00ca 07       		.uleb128 0x7
 310 00cb 0D020000 		.4byte	.LASF17
 311 00cf 03       		.byte	0x3
 312 00d0 4A       		.byte	0x4a
 313 00d1 6F000000 		.4byte	0x6f
 314 00d5 02       		.byte	0x2
 315 00d6 23       		.byte	0x23
 316 00d7 02       		.uleb128 0x2
 317 00d8 07       		.uleb128 0x7
 318 00d9 76000000 		.4byte	.LASF18
 319 00dd 03       		.byte	0x3
 320 00de 51       		.byte	0x51
 321 00df 6F000000 		.4byte	0x6f
 322 00e3 02       		.byte	0x2
ARM GAS  C:\Users\JGONZA~1\AppData\Local\Temp\cc8iXKb7.s 			page 10


 323 00e4 23       		.byte	0x23
 324 00e5 03       		.uleb128 0x3
 325 00e6 00       		.byte	0
 326 00e7 04       		.uleb128 0x4
 327 00e8 2E000000 		.4byte	.LASF19
 328 00ec 03       		.byte	0x3
 329 00ed 54       		.byte	0x54
 330 00ee A6000000 		.4byte	0xa6
 331 00f2 08       		.uleb128 0x8
 332 00f3 01       		.byte	0x1
 333 00f4 9E010000 		.4byte	.LASF20
 334 00f8 01       		.byte	0x1
 335 00f9 2A       		.byte	0x2a
 336 00fa 01       		.byte	0x1
 337 00fb 00000000 		.4byte	.LFB0
 338 00ff 40000000 		.4byte	.LFE0
 339 0103 00000000 		.4byte	.LLST0
 340 0107 01       		.byte	0x1
 341 0108 08       		.uleb128 0x8
 342 0109 01       		.byte	0x1
 343 010a D4000000 		.4byte	.LASF21
 344 010e 01       		.byte	0x1
 345 010f 58       		.byte	0x58
 346 0110 01       		.byte	0x1
 347 0111 00000000 		.4byte	.LFB1
 348 0115 3A000000 		.4byte	.LFE1
 349 0119 2C000000 		.4byte	.LLST1
 350 011d 01       		.byte	0x1
 351 011e 08       		.uleb128 0x8
 352 011f 01       		.byte	0x1
 353 0120 ED010000 		.4byte	.LASF22
 354 0124 01       		.byte	0x1
 355 0125 90       		.byte	0x90
 356 0126 01       		.byte	0x1
 357 0127 00000000 		.4byte	.LFB2
 358 012b 40000000 		.4byte	.LFE2
 359 012f 58000000 		.4byte	.LLST2
 360 0133 01       		.byte	0x1
 361 0134 08       		.uleb128 0x8
 362 0135 01       		.byte	0x1
 363 0136 D4010000 		.4byte	.LASF23
 364 013a 01       		.byte	0x1
 365 013b B6       		.byte	0xb6
 366 013c 01       		.byte	0x1
 367 013d 00000000 		.4byte	.LFB3
 368 0141 1C000000 		.4byte	.LFE3
 369 0145 84000000 		.4byte	.LLST3
 370 0149 01       		.byte	0x1
 371 014a 09       		.uleb128 0x9
 372 014b 1B000000 		.4byte	.LASF27
 373 014f 01       		.byte	0x1
 374 0150 14       		.byte	0x14
 375 0151 E7000000 		.4byte	0xe7
 376 0155 05       		.byte	0x5
 377 0156 03       		.byte	0x3
 378 0157 00000000 		.4byte	Write_Timer_backup
 379 015b 00       		.byte	0
ARM GAS  C:\Users\JGONZA~1\AppData\Local\Temp\cc8iXKb7.s 			page 11


 380              		.section	.debug_abbrev,"",%progbits
 381              	.Ldebug_abbrev0:
 382 0000 01       		.uleb128 0x1
 383 0001 11       		.uleb128 0x11
 384 0002 01       		.byte	0x1
 385 0003 25       		.uleb128 0x25
 386 0004 0E       		.uleb128 0xe
 387 0005 13       		.uleb128 0x13
 388 0006 0B       		.uleb128 0xb
 389 0007 03       		.uleb128 0x3
 390 0008 0E       		.uleb128 0xe
 391 0009 1B       		.uleb128 0x1b
 392 000a 0E       		.uleb128 0xe
 393 000b 55       		.uleb128 0x55
 394 000c 06       		.uleb128 0x6
 395 000d 11       		.uleb128 0x11
 396 000e 01       		.uleb128 0x1
 397 000f 52       		.uleb128 0x52
 398 0010 01       		.uleb128 0x1
 399 0011 10       		.uleb128 0x10
 400 0012 06       		.uleb128 0x6
 401 0013 00       		.byte	0
 402 0014 00       		.byte	0
 403 0015 02       		.uleb128 0x2
 404 0016 24       		.uleb128 0x24
 405 0017 00       		.byte	0
 406 0018 0B       		.uleb128 0xb
 407 0019 0B       		.uleb128 0xb
 408 001a 3E       		.uleb128 0x3e
 409 001b 0B       		.uleb128 0xb
 410 001c 03       		.uleb128 0x3
 411 001d 0E       		.uleb128 0xe
 412 001e 00       		.byte	0
 413 001f 00       		.byte	0
 414 0020 03       		.uleb128 0x3
 415 0021 24       		.uleb128 0x24
 416 0022 00       		.byte	0
 417 0023 0B       		.uleb128 0xb
 418 0024 0B       		.uleb128 0xb
 419 0025 3E       		.uleb128 0x3e
 420 0026 0B       		.uleb128 0xb
 421 0027 03       		.uleb128 0x3
 422 0028 08       		.uleb128 0x8
 423 0029 00       		.byte	0
 424 002a 00       		.byte	0
 425 002b 04       		.uleb128 0x4
 426 002c 16       		.uleb128 0x16
 427 002d 00       		.byte	0
 428 002e 03       		.uleb128 0x3
 429 002f 0E       		.uleb128 0xe
 430 0030 3A       		.uleb128 0x3a
 431 0031 0B       		.uleb128 0xb
 432 0032 3B       		.uleb128 0x3b
 433 0033 0B       		.uleb128 0xb
 434 0034 49       		.uleb128 0x49
 435 0035 13       		.uleb128 0x13
 436 0036 00       		.byte	0
ARM GAS  C:\Users\JGONZA~1\AppData\Local\Temp\cc8iXKb7.s 			page 12


 437 0037 00       		.byte	0
 438 0038 05       		.uleb128 0x5
 439 0039 35       		.uleb128 0x35
 440 003a 00       		.byte	0
 441 003b 49       		.uleb128 0x49
 442 003c 13       		.uleb128 0x13
 443 003d 00       		.byte	0
 444 003e 00       		.byte	0
 445 003f 06       		.uleb128 0x6
 446 0040 13       		.uleb128 0x13
 447 0041 01       		.byte	0x1
 448 0042 0B       		.uleb128 0xb
 449 0043 0B       		.uleb128 0xb
 450 0044 3A       		.uleb128 0x3a
 451 0045 0B       		.uleb128 0xb
 452 0046 3B       		.uleb128 0x3b
 453 0047 0B       		.uleb128 0xb
 454 0048 01       		.uleb128 0x1
 455 0049 13       		.uleb128 0x13
 456 004a 00       		.byte	0
 457 004b 00       		.byte	0
 458 004c 07       		.uleb128 0x7
 459 004d 0D       		.uleb128 0xd
 460 004e 00       		.byte	0
 461 004f 03       		.uleb128 0x3
 462 0050 0E       		.uleb128 0xe
 463 0051 3A       		.uleb128 0x3a
 464 0052 0B       		.uleb128 0xb
 465 0053 3B       		.uleb128 0x3b
 466 0054 0B       		.uleb128 0xb
 467 0055 49       		.uleb128 0x49
 468 0056 13       		.uleb128 0x13
 469 0057 38       		.uleb128 0x38
 470 0058 0A       		.uleb128 0xa
 471 0059 00       		.byte	0
 472 005a 00       		.byte	0
 473 005b 08       		.uleb128 0x8
 474 005c 2E       		.uleb128 0x2e
 475 005d 00       		.byte	0
 476 005e 3F       		.uleb128 0x3f
 477 005f 0C       		.uleb128 0xc
 478 0060 03       		.uleb128 0x3
 479 0061 0E       		.uleb128 0xe
 480 0062 3A       		.uleb128 0x3a
 481 0063 0B       		.uleb128 0xb
 482 0064 3B       		.uleb128 0x3b
 483 0065 0B       		.uleb128 0xb
 484 0066 27       		.uleb128 0x27
 485 0067 0C       		.uleb128 0xc
 486 0068 11       		.uleb128 0x11
 487 0069 01       		.uleb128 0x1
 488 006a 12       		.uleb128 0x12
 489 006b 01       		.uleb128 0x1
 490 006c 40       		.uleb128 0x40
 491 006d 06       		.uleb128 0x6
 492 006e 9642     		.uleb128 0x2116
 493 0070 0C       		.uleb128 0xc
ARM GAS  C:\Users\JGONZA~1\AppData\Local\Temp\cc8iXKb7.s 			page 13


 494 0071 00       		.byte	0
 495 0072 00       		.byte	0
 496 0073 09       		.uleb128 0x9
 497 0074 34       		.uleb128 0x34
 498 0075 00       		.byte	0
 499 0076 03       		.uleb128 0x3
 500 0077 0E       		.uleb128 0xe
 501 0078 3A       		.uleb128 0x3a
 502 0079 0B       		.uleb128 0xb
 503 007a 3B       		.uleb128 0x3b
 504 007b 0B       		.uleb128 0xb
 505 007c 49       		.uleb128 0x49
 506 007d 13       		.uleb128 0x13
 507 007e 02       		.uleb128 0x2
 508 007f 0A       		.uleb128 0xa
 509 0080 00       		.byte	0
 510 0081 00       		.byte	0
 511 0082 00       		.byte	0
 512              		.section	.debug_loc,"",%progbits
 513              	.Ldebug_loc0:
 514              	.LLST0:
 515 0000 00000000 		.4byte	.LFB0
 516 0004 02000000 		.4byte	.LCFI0
 517 0008 0200     		.2byte	0x2
 518 000a 7D       		.byte	0x7d
 519 000b 00       		.sleb128 0
 520 000c 02000000 		.4byte	.LCFI0
 521 0010 04000000 		.4byte	.LCFI1
 522 0014 0200     		.2byte	0x2
 523 0016 7D       		.byte	0x7d
 524 0017 08       		.sleb128 8
 525 0018 04000000 		.4byte	.LCFI1
 526 001c 40000000 		.4byte	.LFE0
 527 0020 0200     		.2byte	0x2
 528 0022 77       		.byte	0x77
 529 0023 08       		.sleb128 8
 530 0024 00000000 		.4byte	0
 531 0028 00000000 		.4byte	0
 532              	.LLST1:
 533 002c 00000000 		.4byte	.LFB1
 534 0030 02000000 		.4byte	.LCFI2
 535 0034 0200     		.2byte	0x2
 536 0036 7D       		.byte	0x7d
 537 0037 00       		.sleb128 0
 538 0038 02000000 		.4byte	.LCFI2
 539 003c 04000000 		.4byte	.LCFI3
 540 0040 0200     		.2byte	0x2
 541 0042 7D       		.byte	0x7d
 542 0043 08       		.sleb128 8
 543 0044 04000000 		.4byte	.LCFI3
 544 0048 3A000000 		.4byte	.LFE1
 545 004c 0200     		.2byte	0x2
 546 004e 77       		.byte	0x77
 547 004f 08       		.sleb128 8
 548 0050 00000000 		.4byte	0
 549 0054 00000000 		.4byte	0
 550              	.LLST2:
ARM GAS  C:\Users\JGONZA~1\AppData\Local\Temp\cc8iXKb7.s 			page 14


 551 0058 00000000 		.4byte	.LFB2
 552 005c 02000000 		.4byte	.LCFI4
 553 0060 0200     		.2byte	0x2
 554 0062 7D       		.byte	0x7d
 555 0063 00       		.sleb128 0
 556 0064 02000000 		.4byte	.LCFI4
 557 0068 04000000 		.4byte	.LCFI5
 558 006c 0200     		.2byte	0x2
 559 006e 7D       		.byte	0x7d
 560 006f 08       		.sleb128 8
 561 0070 04000000 		.4byte	.LCFI5
 562 0074 40000000 		.4byte	.LFE2
 563 0078 0200     		.2byte	0x2
 564 007a 77       		.byte	0x77
 565 007b 08       		.sleb128 8
 566 007c 00000000 		.4byte	0
 567 0080 00000000 		.4byte	0
 568              	.LLST3:
 569 0084 00000000 		.4byte	.LFB3
 570 0088 02000000 		.4byte	.LCFI6
 571 008c 0200     		.2byte	0x2
 572 008e 7D       		.byte	0x7d
 573 008f 00       		.sleb128 0
 574 0090 02000000 		.4byte	.LCFI6
 575 0094 04000000 		.4byte	.LCFI7
 576 0098 0200     		.2byte	0x2
 577 009a 7D       		.byte	0x7d
 578 009b 08       		.sleb128 8
 579 009c 04000000 		.4byte	.LCFI7
 580 00a0 1C000000 		.4byte	.LFE3
 581 00a4 0200     		.2byte	0x2
 582 00a6 77       		.byte	0x77
 583 00a7 08       		.sleb128 8
 584 00a8 00000000 		.4byte	0
 585 00ac 00000000 		.4byte	0
 586              		.section	.debug_aranges,"",%progbits
 587 0000 34000000 		.4byte	0x34
 588 0004 0200     		.2byte	0x2
 589 0006 00000000 		.4byte	.Ldebug_info0
 590 000a 04       		.byte	0x4
 591 000b 00       		.byte	0
 592 000c 0000     		.2byte	0
 593 000e 0000     		.2byte	0
 594 0010 00000000 		.4byte	.LFB0
 595 0014 40000000 		.4byte	.LFE0-.LFB0
 596 0018 00000000 		.4byte	.LFB1
 597 001c 3A000000 		.4byte	.LFE1-.LFB1
 598 0020 00000000 		.4byte	.LFB2
 599 0024 40000000 		.4byte	.LFE2-.LFB2
 600 0028 00000000 		.4byte	.LFB3
 601 002c 1C000000 		.4byte	.LFE3-.LFB3
 602 0030 00000000 		.4byte	0
 603 0034 00000000 		.4byte	0
 604              		.section	.debug_ranges,"",%progbits
 605              	.Ldebug_ranges0:
 606 0000 00000000 		.4byte	.LFB0
 607 0004 40000000 		.4byte	.LFE0
ARM GAS  C:\Users\JGONZA~1\AppData\Local\Temp\cc8iXKb7.s 			page 15


 608 0008 00000000 		.4byte	.LFB1
 609 000c 3A000000 		.4byte	.LFE1
 610 0010 00000000 		.4byte	.LFB2
 611 0014 40000000 		.4byte	.LFE2
 612 0018 00000000 		.4byte	.LFB3
 613 001c 1C000000 		.4byte	.LFE3
 614 0020 00000000 		.4byte	0
 615 0024 00000000 		.4byte	0
 616              		.section	.debug_line,"",%progbits
 617              	.Ldebug_line0:
 618 0000 B9000000 		.section	.debug_str,"MS",%progbits,1
 618      02005E00 
 618      00000201 
 618      FB0E0D00 
 618      01010101 
 619              	.LASF6:
 620 0000 6C6F6E67 		.ascii	"long long int\000"
 620      206C6F6E 
 620      6720696E 
 620      7400
 621              	.LASF8:
 622 000e 756E7369 		.ascii	"unsigned int\000"
 622      676E6564 
 622      20696E74 
 622      00
 623              	.LASF27:
 624 001b 57726974 		.ascii	"Write_Timer_backup\000"
 624      655F5469 
 624      6D65725F 
 624      6261636B 
 624      757000
 625              	.LASF19:
 626 002e 57726974 		.ascii	"Write_Timer_backupStruct\000"
 626      655F5469 
 626      6D65725F 
 626      6261636B 
 626      75705374 
 627              	.LASF12:
 628 0047 75696E74 		.ascii	"uint8\000"
 628      3800
 629              	.LASF5:
 630 004d 6C6F6E67 		.ascii	"long unsigned int\000"
 630      20756E73 
 630      69676E65 
 630      6420696E 
 630      7400
 631              	.LASF7:
 632 005f 6C6F6E67 		.ascii	"long long unsigned int\000"
 632      206C6F6E 
 632      6720756E 
 632      7369676E 
 632      65642069 
 633              	.LASF18:
 634 0076 54696D65 		.ascii	"TimerControlRegister\000"
 634      72436F6E 
 634      74726F6C 
 634      52656769 
ARM GAS  C:\Users\JGONZA~1\AppData\Local\Temp\cc8iXKb7.s 			page 16


 634      73746572 
 635              	.LASF24:
 636 008b 474E5520 		.ascii	"GNU C 4.7.3 20130312 (release) [ARM/embedded-4_7-br"
 636      4320342E 
 636      372E3320 
 636      32303133 
 636      30333132 
 637 00be 616E6368 		.ascii	"anch revision 196615]\000"
 637      20726576 
 637      6973696F 
 637      6E203139 
 637      36363135 
 638              	.LASF21:
 639 00d4 57726974 		.ascii	"Write_Timer_RestoreConfig\000"
 639      655F5469 
 639      6D65725F 
 639      52657374 
 639      6F726543 
 640              	.LASF15:
 641 00ee 54696D65 		.ascii	"TimerEnableState\000"
 641      72456E61 
 641      626C6553 
 641      74617465 
 641      00
 642              	.LASF1:
 643 00ff 756E7369 		.ascii	"unsigned char\000"
 643      676E6564 
 643      20636861 
 643      7200
 644              	.LASF26:
 645 010d 433A5C55 		.ascii	"C:\\Users\\jgonzales13\\Documents\\PSoC Creator\\US"
 645      73657273 
 645      5C6A676F 
 645      6E7A616C 
 645      65733133 
 646 013b 425F5541 		.ascii	"B_UART01\\USB_UART01.cydsn\000"
 646      52543031 
 646      5C555342 
 646      5F554152 
 646      5430312E 
 647              	.LASF11:
 648 0155 63686172 		.ascii	"char\000"
 648      00
 649              	.LASF4:
 650 015a 6C6F6E67 		.ascii	"long int\000"
 650      20696E74 
 650      00
 651              	.LASF25:
 652 0163 2E5C4765 		.ascii	".\\Generated_Source\\PSoC5\\Write_Timer_PM.c\000"
 652      6E657261 
 652      7465645F 
 652      536F7572 
 652      63655C50 
 653              	.LASF2:
 654 018d 73686F72 		.ascii	"short int\000"
 654      7420696E 
 654      7400
ARM GAS  C:\Users\JGONZA~1\AppData\Local\Temp\cc8iXKb7.s 			page 17


 655              	.LASF10:
 656 0197 646F7562 		.ascii	"double\000"
 656      6C6500
 657              	.LASF20:
 658 019e 57726974 		.ascii	"Write_Timer_SaveConfig\000"
 658      655F5469 
 658      6D65725F 
 658      53617665 
 658      436F6E66 
 659              	.LASF3:
 660 01b5 73686F72 		.ascii	"short unsigned int\000"
 660      7420756E 
 660      7369676E 
 660      65642069 
 660      6E7400
 661              	.LASF0:
 662 01c8 7369676E 		.ascii	"signed char\000"
 662      65642063 
 662      68617200 
 663              	.LASF23:
 664 01d4 57726974 		.ascii	"Write_Timer_Wakeup\000"
 664      655F5469 
 664      6D65725F 
 664      57616B65 
 664      757000
 665              	.LASF9:
 666 01e7 666C6F61 		.ascii	"float\000"
 666      7400
 667              	.LASF22:
 668 01ed 57726974 		.ascii	"Write_Timer_Sleep\000"
 668      655F5469 
 668      6D65725F 
 668      536C6565 
 668      7000
 669              	.LASF16:
 670 01ff 54696D65 		.ascii	"TimerUdb\000"
 670      72556462 
 670      00
 671              	.LASF13:
 672 0208 72656738 		.ascii	"reg8\000"
 672      00
 673              	.LASF17:
 674 020d 496E7465 		.ascii	"InterruptMaskValue\000"
 674      72727570 
 674      744D6173 
 674      6B56616C 
 674      756500
 675              	.LASF14:
 676 0220 73697A65 		.ascii	"sizetype\000"
 676      74797065 
 676      00
 677              		.ident	"GCC: (GNU Tools for ARM Embedded Processors) 4.7.3 20130312 (release) [ARM/embedded-4_7-br
